Archive member included because of file (symbol)

c:/program files (x86)/atmel/studio/7.0/toolchain/arm/arm-gnu-toolchain/bin/../lib/gcc/arm-none-eabi/4.9.3/armv6-m\libgcc.a(_udivsi3.o)
                              src/ASF/common2/components/memory/sd_mmc/ff.o (__aeabi_uidiv)
c:/program files (x86)/atmel/studio/7.0/toolchain/arm/arm-gnu-toolchain/bin/../lib/gcc/arm-none-eabi/4.9.3/armv6-m\libgcc.a(_divsi3.o)
                              src/main.o (__aeabi_idiv)
c:/program files (x86)/atmel/studio/7.0/toolchain/arm/arm-gnu-toolchain/bin/../lib/gcc/arm-none-eabi/4.9.3/armv6-m\libgcc.a(_dvmd_tls.o)
                              c:/program files (x86)/atmel/studio/7.0/toolchain/arm/arm-gnu-toolchain/bin/../lib/gcc/arm-none-eabi/4.9.3/armv6-m\libgcc.a(_udivsi3.o) (__aeabi_idiv0)
c:/program files (x86)/atmel/studio/7.0/toolchain/arm/arm-gnu-toolchain/bin/../lib/gcc/arm-none-eabi/4.9.3/armv6-m\libgcc.a(_muldi3.o)
                              src/ASF/sam0/drivers/sercom/sercom.o (__aeabi_lmul)
c:/program files (x86)/atmel/studio/7.0/toolchain/arm/arm-gnu-toolchain/bin/../lib/gcc/arm-none-eabi/4.9.3/../../../../arm-none-eabi/lib/armv6-m\libc_nano.a(lib_a-exit.o)
                              c:/program files (x86)/atmel/studio/7.0/toolchain/arm/arm-gnu-toolchain/bin/../lib/gcc/arm-none-eabi/4.9.3/../../../../arm-none-eabi/lib/armv6-m/crt0.o (exit)
c:/program files (x86)/atmel/studio/7.0/toolchain/arm/arm-gnu-toolchain/bin/../lib/gcc/arm-none-eabi/4.9.3/../../../../arm-none-eabi/lib/armv6-m\libc_nano.a(lib_a-impure.o)
                              c:/program files (x86)/atmel/studio/7.0/toolchain/arm/arm-gnu-toolchain/bin/../lib/gcc/arm-none-eabi/4.9.3/../../../../arm-none-eabi/lib/armv6-m\libc_nano.a(lib_a-exit.o) (_global_impure_ptr)
c:/program files (x86)/atmel/studio/7.0/toolchain/arm/arm-gnu-toolchain/bin/../lib/gcc/arm-none-eabi/4.9.3/../../../../arm-none-eabi/lib/armv6-m\libc_nano.a(lib_a-init.o)
                              c:/program files (x86)/atmel/studio/7.0/toolchain/arm/arm-gnu-toolchain/bin/../lib/gcc/arm-none-eabi/4.9.3/../../../../arm-none-eabi/lib/armv6-m/crt0.o (__libc_init_array)
c:/program files (x86)/atmel/studio/7.0/toolchain/arm/arm-gnu-toolchain/bin/../lib/gcc/arm-none-eabi/4.9.3/../../../../arm-none-eabi/lib/armv6-m\libc_nano.a(lib_a-memcpy.o)
                              src/ASF/sam0/drivers/adc/adc_sam_d_r/adc.o (memcpy)
c:/program files (x86)/atmel/studio/7.0/toolchain/arm/arm-gnu-toolchain/bin/../lib/gcc/arm-none-eabi/4.9.3/../../../../arm-none-eabi/lib/armv6-m\libc_nano.a(lib_a-memset.o)
                              c:/program files (x86)/atmel/studio/7.0/toolchain/arm/arm-gnu-toolchain/bin/../lib/gcc/arm-none-eabi/4.9.3/../../../../arm-none-eabi/lib/armv6-m/crt0.o (memset)
c:/program files (x86)/atmel/studio/7.0/toolchain/arm/arm-gnu-toolchain/bin/../lib/gcc/arm-none-eabi/4.9.3/../../../../arm-none-eabi/lib/armv6-m\libc_nano.a(lib_a-printf.o)
                              src/ASF/sam0/utils/syscalls/gcc/syscalls.o (printf)
c:/program files (x86)/atmel/studio/7.0/toolchain/arm/arm-gnu-toolchain/bin/../lib/gcc/arm-none-eabi/4.9.3/../../../../arm-none-eabi/lib/armv6-m\libc_nano.a(lib_a-findfp.o)
                              c:/program files (x86)/atmel/studio/7.0/toolchain/arm/arm-gnu-toolchain/bin/../lib/gcc/arm-none-eabi/4.9.3/../../../../arm-none-eabi/lib/armv6-m\libc_nano.a(lib_a-printf.o) (__sinit)
c:/program files (x86)/atmel/studio/7.0/toolchain/arm/arm-gnu-toolchain/bin/../lib/gcc/arm-none-eabi/4.9.3/../../../../arm-none-eabi/lib/armv6-m\libc_nano.a(lib_a-fwalk.o)
                              c:/program files (x86)/atmel/studio/7.0/toolchain/arm/arm-gnu-toolchain/bin/../lib/gcc/arm-none-eabi/4.9.3/../../../../arm-none-eabi/lib/armv6-m\libc_nano.a(lib_a-findfp.o) (_fwalk)
c:/program files (x86)/atmel/studio/7.0/toolchain/arm/arm-gnu-toolchain/bin/../lib/gcc/arm-none-eabi/4.9.3/../../../../arm-none-eabi/lib/armv6-m\libc_nano.a(lib_a-nano-mallocr.o)
                              c:/program files (x86)/atmel/studio/7.0/toolchain/arm/arm-gnu-toolchain/bin/../lib/gcc/arm-none-eabi/4.9.3/../../../../arm-none-eabi/lib/armv6-m\libc_nano.a(lib_a-findfp.o) (_malloc_r)
c:/program files (x86)/atmel/studio/7.0/toolchain/arm/arm-gnu-toolchain/bin/../lib/gcc/arm-none-eabi/4.9.3/../../../../arm-none-eabi/lib/armv6-m\libc_nano.a(lib_a-nano-vfprintf.o)
                              c:/program files (x86)/atmel/studio/7.0/toolchain/arm/arm-gnu-toolchain/bin/../lib/gcc/arm-none-eabi/4.9.3/../../../../arm-none-eabi/lib/armv6-m\libc_nano.a(lib_a-printf.o) (_vfprintf_r)
c:/program files (x86)/atmel/studio/7.0/toolchain/arm/arm-gnu-toolchain/bin/../lib/gcc/arm-none-eabi/4.9.3/../../../../arm-none-eabi/lib/armv6-m\libc_nano.a(lib_a-nano-vfprintf_i.o)
                              c:/program files (x86)/atmel/studio/7.0/toolchain/arm/arm-gnu-toolchain/bin/../lib/gcc/arm-none-eabi/4.9.3/../../../../arm-none-eabi/lib/armv6-m\libc_nano.a(lib_a-nano-vfprintf.o) (_printf_i)
[...]
Memory Configuration

Name             Origin             Length             Attributes
rom              0x00000000         0x00008000         xr
ram              0x20000000         0x00001000         xrw
*default*        0x00000000         0xffffffff

Linker script and memory map

LOAD c:/program files (x86)/atmel/studio/7.0/toolchain/arm/arm-gnu-toolchain/bin/../lib/gcc/arm-none-eabi/4.9.3/armv6-m/crti.o
LOAD c:/program files (x86)/atmel/studio/7.0/toolchain/arm/arm-gnu-toolchain/bin/../lib/gcc/arm-none-eabi/4.9.3/armv6-m/crtbegin.o
LOAD c:/program files (x86)/atmel/studio/7.0/toolchain/arm/arm-gnu-toolchain/bin/../lib/gcc/arm-none-eabi/4.9.3/../../../../arm-none-eabi/lib/armv6-m/crt0.o
LOAD src/ASF/common2/components/memory/sd_mmc/ff.o
LOAD src/ASF/common2/components/memory/sd_mmc/sdmm.o
LOAD src/ASF/common2/services/delay/sam0/systick_counter.o
LOAD src/ASF/sam0/drivers/ac/ac_callback.o
LOAD src/ASF/sam0/drivers/ac/ac_sam_d_r/ac.o
LOAD src/ASF/sam0/drivers/adc/adc_sam_d_r/adc.o
LOAD src/ASF/sam0/drivers/events/events_hooks.o
LOAD src/ASF/sam0/drivers/events/events_sam_d_r/events.o
LOAD src/ASF/sam0/drivers/extint/extint_callback.o
LOAD src/ASF/sam0/drivers/extint/extint_sam_d_r/extint.o
LOAD src/ASF/sam0/drivers/port/port.o
LOAD src/ASF/common2/boards/user_board/init.o
LOAD src/ASF/common/utils/interrupt/interrupt_sam_nvic.o
LOAD src/ASF/sam0/drivers/sercom/sercom.o
LOAD src/ASF/sam0/drivers/sercom/sercom_interrupt.o
LOAD src/ASF/sam0/drivers/sercom/usart/usart.o
LOAD src/ASF/sam0/drivers/sercom/usart/usart_interrupt.o
LOAD src/ASF/sam0/drivers/system/clock/clock_samd20/clock.o
LOAD src/ASF/sam0/drivers/system/clock/clock_samd20/gclk.o
LOAD src/ASF/sam0/drivers/system/interrupt/system_interrupt.o
LOAD src/ASF/sam0/drivers/system/pinmux/pinmux.o
LOAD src/ASF/sam0/drivers/system/system.o
LOAD src/ASF/sam0/drivers/tc/tc_interrupt.o
LOAD src/ASF/sam0/drivers/tc/tc_sam_d_r/tc.o
LOAD src/ASF/sam0/utils/cmsis/samd20/source/gcc/startup_samd20.o
LOAD src/ASF/sam0/utils/cmsis/samd20/source/system_samd20.o
LOAD src/ASF/sam0/utils/syscalls/gcc/syscalls.o
LOAD src/main.o
START GROUP
LOAD ../src/ASF/thirdparty/CMSIS/Lib/GCC\libarm_cortexM0l_math.a
LOAD c:/program files (x86)/atmel/studio/7.0/toolchain/arm/arm-gnu-toolchain/bin/../lib/gcc/arm-none-eabi/4.9.3/../../../../arm-none-eabi/lib/armv6-m\libm.a
END GROUP
START GROUP
LOAD c:/program files (x86)/atmel/studio/7.0/toolchain/arm/arm-gnu-toolchain/bin/../lib/gcc/arm-none-eabi/4.9.3/armv6-m\libgcc.a
LOAD c:/program files (x86)/atmel/studio/7.0/toolchain/arm/arm-gnu-toolchain/bin/../lib/gcc/arm-none-eabi/4.9.3/../../../../arm-none-eabi/lib/armv6-m\libc_nano.a
END GROUP
START GROUP
LOAD c:/program files (x86)/atmel/studio/7.0/toolchain/arm/arm-gnu-toolchain/bin/../lib/gcc/arm-none-eabi/4.9.3/armv6-m\libgcc.a
LOAD c:/program files (x86)/atmel/studio/7.0/toolchain/arm/arm-gnu-toolchain/bin/../lib/gcc/arm-none-eabi/4.9.3/../../../../arm-none-eabi/lib/armv6-m\libc_nano.a
END GROUP
LOAD c:/program files (x86)/atmel/studio/7.0/toolchain/arm/arm-gnu-toolchain/bin/../lib/gcc/arm-none-eabi/4.9.3/armv6-m/crtend.o
LOAD c:/program files (x86)/atmel/studio/7.0/toolchain/arm/arm-gnu-toolchain/bin/../lib/gcc/arm-none-eabi/4.9.3/armv6-m/crtn.o
                0x00000400                STACK_SIZE = DEFINED (STACK_SIZE)?STACK_SIZE:DEFINED (__stack_size__)?__stack_size__:0x400

.text           0x00000000     0x49e0
                0x00000000                . = ALIGN (0x4)
                0x00000000                _sfixed = .
 *(.vectors .vectors.*)
 .vectors       0x00000000       0xa4 src/ASF/sam0/utils/cmsis/samd20/source/gcc/startup_samd20.o
                0x00000000                exception_table
 *(.text .text.* .gnu.linkonce.t.*)
 .text          0x000000a4       0x60 c:/program files (x86)/atmel/studio/7.0/toolchain/arm/arm-gnu-toolchain/bin/../lib/gcc/arm-none-eabi/4.9.3/armv6-m/crtbegin.o
 .text.mem_cpy  0x00000104       0x14 src/ASF/common2/components/memory/sd_mmc/ff.o
 .text.ld_clust
                0x00000118       0x20 src/ASF/common2/components/memory/sd_mmc/ff.o
 .text.get_ldnumber
                0x00000138       0x58 src/ASF/common2/components/memory/sd_mmc/ff.o
 .text.sync_window
                0x00000190       0x6c src/ASF/common2/components/memory/sd_mmc/ff.o
 .text.move_window
                0x000001fc       0x40 src/ASF/common2/components/memory/sd_mmc/ff.o
 .text.check_fs
                0x0000023c       0xa0 src/ASF/common2/components/memory/sd_mmc/ff.o
 .text.validate
                0x000002dc       0x3c src/ASF/common2/components/memory/sd_mmc/ff.o
 .text.find_volume
                0x00000318      0x3f4 src/ASF/common2/components/memory/sd_mmc/ff.o
 .text.sync_fs  0x0000070c       0xf4 src/ASF/common2/components/memory/sd_mmc/ff.o
 .text.clust2sect
                0x00000800       0x18 src/ASF/common2/components/memory/sd_mmc/ff.o
                0x00000800                clust2sect
 .text.get_fat  0x00000818       0xfc src/ASF/common2/components/memory/sd_mmc/ff.o
                0x00000818                get_fat
 .text.dir_sdi  0x00000914       0xb0 src/ASF/common2/components/memory/sd_mmc/ff.o
 .text.dir_remove
                0x000009c4       0x40 src/ASF/common2/components/memory/sd_mmc/ff.o
 .text.put_fat  0x00000a04      0x144 src/ASF/common2/components/memory/sd_mmc/ff.o
                0x00000a04                put_fat
 .text.create_chain
                0x00000b48       0xe0 src/ASF/common2/components/memory/sd_mmc/ff.o
 .text.dir_next
                0x00000c28      0x130 src/ASF/common2/components/memory/sd_mmc/ff.o
 .text.follow_path
                0x00000d58      0x234 src/ASF/common2/components/memory/sd_mmc/ff.o
 .text.dir_register
                0x00000f8c       0x7c src/ASF/common2/components/memory/sd_mmc/ff.o
 .text.dir_read
                0x00001008       0x6c src/ASF/common2/components/memory/sd_mmc/ff.o
 .text.remove_chain
                0x00001074       0x7c src/ASF/common2/components/memory/sd_mmc/ff.o
 .text.f_mount  0x000010f0       0x6c src/ASF/common2/components/memory/sd_mmc/ff.o
                0x000010f0                f_mount
 .text.f_open   0x0000115c      0x18c src/ASF/common2/components/memory/sd_mmc/ff.o
                0x0000115c                f_open
 .text.f_write  0x000012e8      0x1d4 src/ASF/common2/components/memory/sd_mmc/ff.o
                0x000012e8                f_write
 .text.f_sync   0x000014bc       0x88 src/ASF/common2/components/memory/sd_mmc/ff.o
                0x000014bc                f_sync
 .text.f_close  0x00001544       0x24 src/ASF/common2/components/memory/sd_mmc/ff.o
                0x00001544                f_close
 .text.f_unlink
                0x00001568       0xc4 src/ASF/common2/components/memory/sd_mmc/ff.o
                0x00001568                f_unlink
 .text.dly_us   0x0000162c        0xc src/ASF/common2/components/memory/sd_mmc/sdmm.o
 .text.xmit_mmc
                0x00001638       0xe4 src/ASF/common2/components/memory/sd_mmc/sdmm.o
 .text.rcvr_mmc
                0x0000171c       0xcc src/ASF/common2/components/memory/sd_mmc/sdmm.o
 .text.wait_ready
                0x000017e8       0x3c src/ASF/common2/components/memory/sd_mmc/sdmm.o
 .text.deselect
                0x00001824       0x24 src/ASF/common2/components/memory/sd_mmc/sdmm.o
 .text.select   0x00001848       0x3c src/ASF/common2/components/memory/sd_mmc/sdmm.o
 .text.rcvr_datablock
                0x00001884       0x50 src/ASF/common2/components/memory/sd_mmc/sdmm.o
 .text.xmit_datablock
                0x000018d4       0x58 src/ASF/common2/components/memory/sd_mmc/sdmm.o
 .text.send_cmd
                0x0000192c       0xec src/ASF/common2/components/memory/sd_mmc/sdmm.o
 .text.sd_io_init
                0x00001a18       0x44 src/ASF/common2/components/memory/sd_mmc/sdmm.o
                0x00001a18                sd_io_init
 .text.disk_status
                0x00001a5c       0x14 src/ASF/common2/components/memory/sd_mmc/sdmm.o
                0x00001a5c                disk_status
 .text.disk_initialize
                0x00001a70      0x13c src/ASF/common2/components/memory/sd_mmc/sdmm.o
                0x00001a70                disk_initialize
 .text.disk_read
                0x00001bac       0x80 src/ASF/common2/components/memory/sd_mmc/sdmm.o
                0x00001bac                disk_read
 .text.disk_write
                0x00001c2c       0xa4 src/ASF/common2/components/memory/sd_mmc/sdmm.o
                0x00001c2c                disk_write
 .text.disk_ioctl
                0x00001cd0       0xe4 src/ASF/common2/components/memory/sd_mmc/sdmm.o
                0x00001cd0                disk_ioctl
 .text.delay_init
                0x00001db4       0x3c src/ASF/common2/services/delay/sam0/systick_counter.o
                0x00001db4                delay_init
 .text.delay_cycles_ms
                0x00001df0       0x2c src/ASF/common2/services/delay/sam0/systick_counter.o
                0x00001df0                delay_cycles_ms
 .text._ac_interrupt_handler
                0x00001e1c       0x4c src/ASF/sam0/drivers/ac/ac_callback.o
                0x00001e1c                _ac_interrupt_handler
 .text.AC_Handler
                0x00001e68       0x10 src/ASF/sam0/drivers/ac/ac_callback.o
                0x00001e68                AC_Handler
 .text.adc_get_config_defaults
                0x00001e78       0x48 src/ASF/sam0/drivers/adc/adc_sam_d_r/adc.o
                0x00001e78                adc_get_config_defaults
 .text.adc_init
                0x00001ec0      0x440 src/ASF/sam0/drivers/adc/adc_sam_d_r/adc.o
                0x00001ec0                adc_init
 .text.EVSYS_Handler
                0x00002300       0x3c src/ASF/sam0/drivers/events/events_hooks.o
                0x00002300                EVSYS_Handler
 .text._events_find_bit_position
                0x0000233c       0x1c src/ASF/sam0/drivers/events/events_sam_d_r/events.o
                0x0000233c                _events_find_bit_position
 .text._system_events_init
                0x00002358       0x24 src/ASF/sam0/drivers/events/events_sam_d_r/events.o
                0x00002358                _system_events_init
 .text.events_get_config_defaults
                0x0000237c       0x10 src/ASF/sam0/drivers/events/events_sam_d_r/events.o
                0x0000237c                events_get_config_defaults
 .text.events_allocate
                0x0000238c       0xc4 src/ASF/sam0/drivers/events/events_sam_d_r/events.o
                0x0000238c                events_allocate
 .text.events_is_busy
                0x00002450       0x20 src/ASF/sam0/drivers/events/events_sam_d_r/events.o
                0x00002450                events_is_busy
 .text.events_attach_user
                0x00002470       0x24 src/ASF/sam0/drivers/events/events_sam_d_r/events.o
                0x00002470                events_attach_user
 .text.extint_register_callback
                0x00002494       0x2c src/ASF/sam0/drivers/extint/extint_callback.o
                0x00002494                extint_register_callback
 .text.extint_chan_enable_callback
                0x000024c0       0x20 src/ASF/sam0/drivers/extint/extint_callback.o
                0x000024c0                extint_chan_enable_callback
 .text.EIC_Handler
                0x000024e0       0x68 src/ASF/sam0/drivers/extint/extint_callback.o
                0x000024e0                EIC_Handler
 .text._extint_enable
                0x00002548       0x18 src/ASF/sam0/drivers/extint/extint_sam_d_r/extint.o
 .text._system_extint_init
                0x00002560       0x6c src/ASF/sam0/drivers/extint/extint_sam_d_r/extint.o
                0x00002560                _system_extint_init
 .text.extint_chan_get_config_defaults
                0x000025cc       0x14 src/ASF/sam0/drivers/extint/extint_sam_d_r/extint.o
                0x000025cc                extint_chan_get_config_defaults
 .text.extint_chan_set_config
                0x000025e0       0x78 src/ASF/sam0/drivers/extint/extint_sam_d_r/extint.o
                0x000025e0                extint_chan_set_config
 .text.port_pin_set_config
                0x00002658       0x24 src/ASF/sam0/drivers/port/port.o
                0x00002658                port_pin_set_config
 .text.system_board_init
                0x0000267c       0x9c src/ASF/common2/boards/user_board/init.o
                0x0000267c                board_init
                0x0000267c                system_board_init
 .text.cpu_irq_enter_critical
                0x00002718       0x40 src/ASF/common/utils/interrupt/interrupt_sam_nvic.o
                0x00002718                cpu_irq_enter_critical
 .text.cpu_irq_leave_critical
                0x00002758       0x30 src/ASF/common/utils/interrupt/interrupt_sam_nvic.o
                0x00002758                cpu_irq_leave_critical
 .text._sercom_get_sync_baud_val
                0x00002788       0x28 src/ASF/sam0/drivers/sercom/sercom.o
                0x00002788                _sercom_get_sync_baud_val
 .text._sercom_get_async_baud_val
                0x000027b0      0x1c8 src/ASF/sam0/drivers/sercom/sercom.o
                0x000027b0                _sercom_get_async_baud_val
 .text.sercom_set_gclk_generator
                0x00002978       0x4c src/ASF/sam0/drivers/sercom/sercom.o
                0x00002978                sercom_set_gclk_generator
 .text._sercom_get_default_pad
                0x000029c4      0x108 src/ASF/sam0/drivers/sercom/sercom.o
                0x000029c4                _sercom_get_default_pad
 .text._sercom_get_sercom_inst_index
                0x00002acc       0x44 src/ASF/sam0/drivers/sercom/sercom.o
                0x00002acc                _sercom_get_sercom_inst_index
 .text._sercom_default_handler
                0x00002b10        0x4 src/ASF/sam0/drivers/sercom/sercom_interrupt.o
 .text._sercom_set_handler
                0x00002b14       0x40 src/ASF/sam0/drivers/sercom/sercom_interrupt.o
                0x00002b14                _sercom_set_handler
 .text._sercom_get_interrupt_vector
                0x00002b54       0x2c src/ASF/sam0/drivers/sercom/sercom_interrupt.o
                0x00002b54                _sercom_get_interrupt_vector
 .text.SERCOM0_Handler
                0x00002b80       0x10 src/ASF/sam0/drivers/sercom/sercom_interrupt.o
                0x00002b80                SERCOM0_Handler
 .text.SERCOM1_Handler
                0x00002b90       0x10 src/ASF/sam0/drivers/sercom/sercom_interrupt.o
                0x00002b90                SERCOM1_Handler
 .text.SERCOM2_Handler
                0x00002ba0       0x10 src/ASF/sam0/drivers/sercom/sercom_interrupt.o
                0x00002ba0                SERCOM2_Handler
 .text.SERCOM3_Handler
                0x00002bb0       0x10 src/ASF/sam0/drivers/sercom/sercom_interrupt.o
                0x00002bb0                SERCOM3_Handler
 .text.usart_init
                0x00002bc0      0x25c src/ASF/sam0/drivers/sercom/usart/usart.o
                0x00002bc0                usart_init
 .text._usart_write_buffer
                0x00002e1c       0x3c src/ASF/sam0/drivers/sercom/usart/usart_interrupt.o
                0x00002e1c                _usart_write_buffer
 .text.usart_register_callback
                0x00002e58       0x18 src/ASF/sam0/drivers/sercom/usart/usart_interrupt.o
                0x00002e58                usart_register_callback
 .text.usart_write_buffer_job
                0x00002e70       0x20 src/ASF/sam0/drivers/sercom/usart/usart_interrupt.o
                0x00002e70                usart_write_buffer_job
 .text._usart_interrupt_handler
                0x00002e90      0x130 src/ASF/sam0/drivers/sercom/usart/usart_interrupt.o
                0x00002e90                _usart_interrupt_handler
 .text.system_clock_source_get_hz
                0x00002fc0       0x80 src/ASF/sam0/drivers/system/clock/clock_samd20/clock.o
                0x00002fc0                system_clock_source_get_hz
 .text.system_clock_source_osc8m_set_config
                0x00003040       0x3c src/ASF/sam0/drivers/system/clock/clock_samd20/clock.o
                0x00003040                system_clock_source_osc8m_set_config
 .text.system_clock_source_osc32k_set_config
                0x0000307c       0x88 src/ASF/sam0/drivers/system/clock/clock_samd20/clock.o
                0x0000307c                system_clock_source_osc32k_set_config
 .text.system_clock_source_enable
                0x00003104       0x90 src/ASF/sam0/drivers/system/clock/clock_samd20/clock.o
                0x00003104                system_clock_source_enable
 .text.system_clock_init
                0x00003194       0x98 src/ASF/sam0/drivers/system/clock/clock_samd20/clock.o
                0x00003194                system_clock_init
 .text.system_gclk_init
                0x0000322c       0x24 src/ASF/sam0/drivers/system/clock/clock_samd20/gclk.o
                0x0000322c                system_gclk_init
 .text.system_gclk_gen_set_config
                0x00003250       0xb8 src/ASF/sam0/drivers/system/clock/clock_samd20/gclk.o
                0x00003250                system_gclk_gen_set_config
 .text.system_gclk_gen_enable
                0x00003308       0x44 src/ASF/sam0/drivers/system/clock/clock_samd20/gclk.o
                0x00003308                system_gclk_gen_enable
 .text.system_gclk_gen_get_hz
                0x0000334c       0x8c src/ASF/sam0/drivers/system/clock/clock_samd20/gclk.o
                0x0000334c                system_gclk_gen_get_hz
 .text.system_gclk_chan_enable
                0x000033d8       0x30 src/ASF/sam0/drivers/system/clock/clock_samd20/gclk.o
                0x000033d8                system_gclk_chan_enable
 .text.system_gclk_chan_disable
                0x00003408       0x5c src/ASF/sam0/drivers/system/clock/clock_samd20/gclk.o
                0x00003408                system_gclk_chan_disable
 .text.system_gclk_chan_set_config
                0x00003464       0x1c src/ASF/sam0/drivers/system/clock/clock_samd20/gclk.o
                0x00003464                system_gclk_chan_set_config
 .text.system_gclk_chan_get_hz
                0x00003480       0x34 src/ASF/sam0/drivers/system/clock/clock_samd20/gclk.o
                0x00003480                system_gclk_chan_get_hz
 .text._system_pinmux_config
                0x000034b4       0xa8 src/ASF/sam0/drivers/system/pinmux/pinmux.o
 .text.system_pinmux_pin_set_config
                0x0000355c       0x30 src/ASF/sam0/drivers/system/pinmux/pinmux.o
                0x0000355c                system_pinmux_pin_set_config
 .text._system_dummy_init
                0x0000358c        0x4 src/ASF/sam0/drivers/system/system.o
                0x0000358c                _system_dummy_init
                0x0000358c                _system_divas_init
 .text.system_init
                0x00003590       0x2c src/ASF/sam0/drivers/system/system.o
                0x00003590                system_init
 .text._tc_interrupt_handler
                0x000035bc       0x5c src/ASF/sam0/drivers/tc/tc_interrupt.o
                0x000035bc                _tc_interrupt_handler
 .text.TC0_Handler
                0x00003618       0x10 src/ASF/sam0/drivers/tc/tc_interrupt.o
                0x00003618                TC0_Handler
 .text.TC1_Handler
                0x00003628       0x10 src/ASF/sam0/drivers/tc/tc_interrupt.o
                0x00003628                TC1_Handler
 .text.TC2_Handler
                0x00003638       0x10 src/ASF/sam0/drivers/tc/tc_interrupt.o
                0x00003638                TC2_Handler
 .text.TC3_Handler
                0x00003648       0x10 src/ASF/sam0/drivers/tc/tc_interrupt.o
                0x00003648                TC3_Handler
 .text.TC4_Handler
                0x00003658       0x10 src/ASF/sam0/drivers/tc/tc_interrupt.o
                0x00003658                TC4_Handler
 .text.TC5_Handler
                0x00003668       0x10 src/ASF/sam0/drivers/tc/tc_interrupt.o
                0x00003668                TC5_Handler
 .text._tc_get_inst_index
                0x00003678       0x3c src/ASF/sam0/drivers/tc/tc_sam_d_r/tc.o
                0x00003678                _tc_get_inst_index
 .text.tc_init  0x000036b4      0x278 src/ASF/sam0/drivers/tc/tc_sam_d_r/tc.o
                0x000036b4                tc_init
 .text.Dummy_Handler
                0x0000392c        0x8 src/ASF/sam0/utils/cmsis/samd20/source/gcc/startup_samd20.o
                0x0000392c                HardFault_Handler
                0x0000392c                SysTick_Handler
                0x0000392c                PendSV_Handler
                0x0000392c                NMI_Handler
                0x0000392c                RTC_Handler
                0x0000392c                WDT_Handler
                0x0000392c                Dummy_Handler
                0x0000392c                PM_Handler
                0x0000392c                SVC_Handler
                0x0000392c                NVMCTRL_Handler
                0x0000392c                DAC_Handler
                0x0000392c                PTC_Handler
                0x0000392c                SYSCTRL_Handler
 .text.Reset_Handler
                0x00003934       0xa8 src/ASF/sam0/utils/cmsis/samd20/source/gcc/startup_samd20.o
                0x00003934                Reset_Handler
 .text.extint_detection_callback
                0x000039dc       0x20 src/main.o
                0x000039dc                extint_detection_callback
 .text.usart_write_callback
                0x000039fc       0x48 src/main.o
                0x000039fc                usart_write_callback
 .text.get_fattime
                0x00003a44        0x8 src/main.o
                0x00003a44                get_fattime
 .text.sdcard_init
                0x00003a4c       0x44 src/main.o
                0x00003a4c                sdcard_init
 .text.sdcard_write
                0x00003a90       0x2c src/main.o
                0x00003a90                sdcard_write
 .text.sdcard_close
                0x00003abc       0x6c src/main.o
                0x00003abc                sdcard_close
 .text.configure_extint_channel
                0x00003b28       0x34 src/main.o
                0x00003b28                configure_extint_channel
 .text.configure_extint_callbacks
                0x00003b5c       0x24 src/main.o
                0x00003b5c                configure_extint_callbacks
 .text.configure_usart
                0x00003b80       0xa4 src/main.o
                0x00003b80                configure_usart
 .text.configure_usart_callback
                0x00003c24       0x28 src/main.o
                0x00003c24                configure_usart_callback
 .text.configure_adc
                0x00003c4c       0x68 src/main.o
                0x00003c4c                configure_adc
 .text.configure_adc_callbacks
                0x00003cb4       0x18 src/main.o
                0x00003cb4                configure_adc_callbacks
 .text.configure_osc32k
                0x00003ccc       0x64 src/main.o
                0x00003ccc                configure_osc32k
 .text.configure_tc_sampler
                0x00003d30       0xb0 src/main.o
                0x00003d30                configure_tc_sampler
 .text.add_timestamp
                0x00003de0       0x30 src/main.o
                0x00003de0                add_timestamp
 .text.write_data
                0x00003e10       0x78 src/main.o
                0x00003e10                write_data
 .text.check_button
                0x00003e88       0xa0 src/main.o
                0x00003e88                check_button
 .text.sleep    0x00003f28       0x94 src/main.o
                0x00003f28                sleep
 .text.sampling
                0x00003fbc       0x78 src/main.o
                0x00003fbc                sampling
 .text.die      0x00004034       0x60 src/main.o
                0x00004034                die
 .text.update_battery_voltage
                0x00004094       0xa8 src/main.o
                0x00004094                update_battery_voltage
 .text.wake     0x0000413c       0xe0 src/main.o
                0x0000413c                wake
 .text.main     0x0000421c      0x104 src/main.o
                0x0000421c                main
 .text.ADC_Handler
                0x00004320       0xa0 src/main.o
                0x00004320                ADC_Handler
 .text          0x000043c0      0x120 c:/program files (x86)/atmel/studio/7.0/toolchain/arm/arm-gnu-toolchain/bin/../lib/gcc/arm-none-eabi/4.9.3/armv6-m\libgcc.a(_udivsi3.o)
                0x000043c0                __aeabi_uidiv
                0x000043c0                __udivsi3
                0x000044cc                __aeabi_uidivmod
 .text          0x000044e0      0x1e0 c:/program files (x86)/atmel/studio/7.0/toolchain/arm/arm-gnu-toolchain/bin/../lib/gcc/arm-none-eabi/4.9.3/armv6-m\libgcc.a(_divsi3.o)
                0x000044e0                __divsi3
                0x000044e0                __aeabi_idiv
                0x000046ac                __aeabi_idivmod
 .text          0x000046c0        0x4 c:/program files (x86)/atmel/studio/7.0/toolchain/arm/arm-gnu-toolchain/bin/../lib/gcc/arm-none-eabi/4.9.3/armv6-m\libgcc.a(_dvmd_tls.o)
                0x000046c0                __aeabi_idiv0
                0x000046c0                __aeabi_ldiv0
 .text          0x000046c4       0x54 c:/program files (x86)/atmel/studio/7.0/toolchain/arm/arm-gnu-toolchain/bin/../lib/gcc/arm-none-eabi/4.9.3/armv6-m\libgcc.a(_muldi3.o)
                0x000046c4                __muldi3
                0x000046c4                __aeabi_lmul
 .text.__libc_init_array
                0x00004718       0x4c c:/program files (x86)/atmel/studio/7.0/toolchain/arm/arm-gnu-toolchain/bin/../lib/gcc/arm-none-eabi/4.9.3/../../../../arm-none-eabi/lib/armv6-m\libc_nano.a(lib_a-init.o)
                0x00004718                __libc_init_array
 .text.memcpy   0x00004764       0x12 c:/program files (x86)/atmel/studio/7.0/toolchain/arm/arm-gnu-toolchain/bin/../lib/gcc/arm-none-eabi/4.9.3/../../../../arm-none-eabi/lib/armv6-m\libc_nano.a(lib_a-memcpy.o)
                0x00004764                memcpy
 *(.glue_7t)
 .glue_7t       0x00000000        0x0 linker stubs
 *(.glue_7)
 .glue_7        0x00000000        0x0 linker stubs
 *(.rodata .rodata* .gnu.linkonce.r.*)
 *fill*         0x00004776        0x2 
 .rodata.str1.4
                0x00004778        0xf src/ASF/common2/components/memory/sd_mmc/ff.o
 *fill*         0x00004787        0x1 
 .rodata.ExCvt  0x00004788       0x80 src/ASF/common2/components/memory/sd_mmc/ff.o
 .rodata.adc_init
                0x00004808       0xd4 src/ASF/sam0/drivers/adc/adc_sam_d_r/adc.o
 .rodata        0x000048dc       0x50 src/ASF/sam0/drivers/adc/adc_sam_d_r/adc.o
 .rodata        0x0000492c       0x10 src/ASF/sam0/drivers/sercom/sercom.o
 .rodata        0x0000493c        0x4 src/ASF/sam0/drivers/sercom/sercom_interrupt.o
 .rodata.system_clock_source_get_hz
                0x00004940       0x20 src/ASF/sam0/drivers/system/clock/clock_samd20/clock.o
 .rodata.system_clock_source_enable
                0x00004960       0x20 src/ASF/sam0/drivers/system/clock/clock_samd20/clock.o
 .rodata        0x00004980       0x2c src/ASF/sam0/drivers/tc/tc_sam_d_r/tc.o
 .rodata        0x000049ac        0x2 src/main.o
 *fill*         0x000049ae        0x2 
 .rodata.str1.4
                0x000049b0       0x10 src/main.o
 *(.ARM.extab* .gnu.linkonce.armextab.*)
                0x000049c0                . = ALIGN (0x4)
 *(.init)
 .init          0x000049c0        0x4 c:/program files (x86)/atmel/studio/7.0/toolchain/arm/arm-gnu-toolchain/bin/../lib/gcc/arm-none-eabi/4.9.3/armv6-m/crti.o
                0x000049c0                _init
 .init          0x000049c4        0x8 c:/program files (x86)/atmel/studio/7.0/toolchain/arm/arm-gnu-toolchain/bin/../lib/gcc/arm-none-eabi/4.9.3/armv6-m/crtn.o
                0x000049cc                . = ALIGN (0x4)
                0x000049cc                __preinit_array_start = .
 *(.preinit_array)
                0x000049cc                __preinit_array_end = .
                0x000049cc                . = ALIGN (0x4)
                0x000049cc                __init_array_start = .
 *(SORT(.init_array.*))
 *(.init_array)
 .init_array    0x000049cc        0x4 c:/program files (x86)/atmel/studio/7.0/toolchain/arm/arm-gnu-toolchain/bin/../lib/gcc/arm-none-eabi/4.9.3/armv6-m/crtbegin.o
                0x000049d0                __init_array_end = .
                0x000049d0                . = ALIGN (0x4)
 *crtbegin.o(.ctors)
 *(EXCLUDE_FILE(*crtend.o) .ctors)
 *(SORT(.ctors.*))
 *crtend.o(.ctors)
                0x000049d0                . = ALIGN (0x4)
 *(.fini)
 .fini          0x000049d0        0x4 c:/program files (x86)/atmel/studio/7.0/toolchain/arm/arm-gnu-toolchain/bin/../lib/gcc/arm-none-eabi/4.9.3/armv6-m/crti.o
                0x000049d0                _fini
 .fini          0x000049d4        0x8 c:/program files (x86)/atmel/studio/7.0/toolchain/arm/arm-gnu-toolchain/bin/../lib/gcc/arm-none-eabi/4.9.3/armv6-m/crtn.o
                0x000049dc                . = ALIGN (0x4)
                0x000049dc                __fini_array_start = .
 *(.fini_array)
 .fini_array    0x000049dc        0x4 c:/program files (x86)/atmel/studio/7.0/toolchain/arm/arm-gnu-toolchain/bin/../lib/gcc/arm-none-eabi/4.9.3/armv6-m/crtbegin.o
 *(SORT(.fini_array.*))
                0x000049e0                __fini_array_end = .
 *crtbegin.o(.dtors)
 *(EXCLUDE_FILE(*crtend.o) .dtors)
 *(SORT(.dtors.*))
 *crtend.o(.dtors)
                0x000049e0                . = ALIGN (0x4)
                0x000049e0                _efixed = .
                0x000049e0                PROVIDE (__exidx_start, .)

.vfp11_veneer   0x000049e0        0x0
 .vfp11_veneer  0x00000000        0x0 linker stubs

.v4_bx          0x000049e0        0x0
 .v4_bx         0x00000000        0x0 linker stubs

.iplt           0x000049e0        0x0
 .iplt          0x00000000        0x0 c:/program files (x86)/atmel/studio/7.0/toolchain/arm/arm-gnu-toolchain/bin/../lib/gcc/arm-none-eabi/4.9.3/armv6-m/crtbegin.o

.eh_frame       0x000049e0        0x0
 .eh_frame      0x000049e0        0x0 c:/program files (x86)/atmel/studio/7.0/toolchain/arm/arm-gnu-toolchain/bin/../lib/gcc/arm-none-eabi/4.9.3/armv6-m/crtbegin.o

.rel.dyn        0x000049e0        0x0
 .rel.iplt      0x00000000        0x0 c:/program files (x86)/atmel/studio/7.0/toolchain/arm/arm-gnu-toolchain/bin/../lib/gcc/arm-none-eabi/4.9.3/armv6-m/crtbegin.o

.jcr            0x000049e0        0x0
 .jcr           0x000049e0        0x0 c:/program files (x86)/atmel/studio/7.0/toolchain/arm/arm-gnu-toolchain/bin/../lib/gcc/arm-none-eabi/4.9.3/armv6-m/crtbegin.o

.igot.plt       0x000049e0        0x0
 .igot.plt      0x00000000        0x0 c:/program files (x86)/atmel/studio/7.0/toolchain/arm/arm-gnu-toolchain/bin/../lib/gcc/arm-none-eabi/4.9.3/armv6-m/crtbegin.o

.ARM.exidx
 *(.ARM.exidx* .gnu.linkonce.armexidx.*)
                0x000049e0                PROVIDE (__exidx_end, .)
                0x000049e0                . = ALIGN (0x4)
                0x000049e0                _etext = .

.relocate       0x20000000       0x24 load address 0x000049e0
                0x20000000                . = ALIGN (0x4)
                0x20000000                _srelocate = .
 *(.ramfunc .ramfunc.*)
 *(.data .data.*)
 .data.Stat     0x20000000        0x1 src/ASF/common2/components/memory/sd_mmc/sdmm.o
 *fill*         0x20000001        0x3 
 .data.cycles_per_us
                0x20000004        0x4 src/ASF/common2/services/delay/sam0/systick_counter.o
 .data.cycles_per_ms
                0x20000008        0x4 src/ASF/common2/services/delay/sam0/systick_counter.o
 .data._events_inst
                0x2000000c       0x14 src/ASF/sam0/drivers/events/events_sam_d_r/events.o
                0x2000000c                _events_inst
 .data.g_interrupt_enabled
                0x20000020        0x1 src/ASF/common/utils/interrupt/interrupt_sam_nvic.o
                0x20000020                g_interrupt_enabled
                0x20000024                . = ALIGN (0x4)
 *fill*         0x20000021        0x3 
                0x20000024                _erelocate = .

.bss            0x20000024      0x868 load address 0x00004a04
                0x20000024                . = ALIGN (0x4)
                0x20000024                _sbss = .
                0x20000024                _szero = .
 *(.bss .bss.*)
 .bss           0x20000024       0x1c c:/program files (x86)/atmel/studio/7.0/toolchain/arm/arm-gnu-toolchain/bin/../lib/gcc/arm-none-eabi/4.9.3/armv6-m/crtbegin.o
 .bss.Fsid      0x20000040        0x2 src/ASF/common2/components/memory/sd_mmc/ff.o
 *fill*         0x20000042        0x2 
 .bss.FatFs     0x20000044        0x4 src/ASF/common2/components/memory/sd_mmc/ff.o
 .bss.CardType  0x20000048        0x1 src/ASF/common2/components/memory/sd_mmc/sdmm.o
 *fill*         0x20000049        0x3 
 .bss.cpu_irq_critical_section_counter
                0x2000004c        0x4 src/ASF/common/utils/interrupt/interrupt_sam_nvic.o
 .bss.cpu_irq_prev_interrupt_state
                0x20000050        0x1 src/ASF/common/utils/interrupt/interrupt_sam_nvic.o
 *fill*         0x20000051        0x3 
 .bss._sercom_config
                0x20000054        0x2 src/ASF/sam0/drivers/sercom/sercom.o
 .bss._handler_table_initialized
                0x20000056        0x1 src/ASF/sam0/drivers/sercom/sercom_interrupt.o
 *fill*         0x20000057        0x1 
 .bss._sercom_interrupt_handlers
                0x20000058       0x10 src/ASF/sam0/drivers/sercom/sercom_interrupt.o
 .bss._system_clock_inst
                0x20000068       0x14 src/ASF/sam0/drivers/system/clock/clock_samd20/clock.o
 .bss.buttoncounter
                0x2000007c        0x2 src/main.o
                0x2000007c                buttoncounter
 *fill*         0x2000007e        0x2 
 .bss.timestamp
                0x20000080        0x4 src/main.o
                0x20000080                timestamp
 .bss.battery_check_counter
                0x20000084        0x2 src/main.o
                0x20000084                battery_check_counter
 .bss.buffer_counter
                0x20000086        0x2 src/main.o
                0x20000086                buffer_counter
 .bss.flag_button
                0x20000088        0x1 src/main.o
                0x20000088                flag_button
 .bss.flag_buffer_ready
                0x20000089        0x1 src/main.o
                0x20000089                flag_buffer_ready
 .bss.flag_battery_read
                0x2000008a        0x1 src/main.o
                0x2000008a                flag_battery_read
 *fill*         0x2000008b        0x1 
 .bss.battery_voltage
                0x2000008c        0x2 src/main.o
                0x2000008c                battery_voltage
 *(COMMON)
 *fill*         0x2000008e        0x2 
 COMMON         0x20000090        0x4 src/ASF/sam0/drivers/ac/ac_callback.o
                0x20000090                _ac_instance
 COMMON         0x20000094        0x1 src/ASF/sam0/drivers/extint/extint_callback.o
                0x20000094                _current_channel
 *fill*         0x20000095        0x3 
 COMMON         0x20000098       0x40 src/ASF/sam0/drivers/extint/extint_sam_d_r/extint.o
                0x20000098                _extint_dev
 COMMON         0x200000d8       0x10 src/ASF/sam0/drivers/sercom/sercom_interrupt.o
                0x200000d8                _sercom_instances
 COMMON         0x200000e8       0x18 src/ASF/sam0/drivers/tc/tc_interrupt.o
                0x200000e8                _tc_instances
 COMMON         0x20000100      0x78c src/main.o
                0x20000100                buffer_current
                0x20000104                usart_instance
                0x20000128                FatFs
                0x20000358                adc_resrdy_event
                0x20000360                buffer_last
                0x20000364                tc_sampler_instance
                0x20000380                function_pointer
                0x20000384                buttonstamps
                0x2000044c                tc_tick_event
                0x20000454                hook
                0x20000460                buffer_b
                0x20000660                Fil
                0x20000684                buffer_a
                0x20000884                adc_instance
                0x2000088c                . = ALIGN (0x4)
                0x2000088c                _ebss = .
                0x2000088c                _ezero = .

.stack          0x2000088c      0x404 load address 0x0000526c
                0x20000890                . = ALIGN (0x8)
 *fill*         0x2000088c        0x4 
                0x20000890                _sstack = .
                0x20000c90                . = (. + STACK_SIZE)
 *fill*         0x20000890      0x400 
                0x20000c90                . = ALIGN (0x8)
                0x20000c90                _estack = .
                0x20000c90                . = ALIGN (0x4)
                0x20000c90                _end = .
OUTPUT(Heartbeat_Logger_v1.elf elf32-littlearm)

.ARM.attributes
                0x00000000       0x28
 .ARM.attributes
                0x00000000       0x1e c:/program files (x86)/atmel/studio/7.0/toolchain/arm/arm-gnu-toolchain/bin/../lib/gcc/arm-none-eabi/4.9.3/armv6-m/crti.o
 .ARM.attributes
                0x0000001e       0x2c c:/program files (x86)/atmel/studio/7.0/toolchain/arm/arm-gnu-toolchain/bin/../lib/gcc/arm-none-eabi/4.9.3/armv6-m/crtbegin.o
 .ARM.attributes
                0x0000004a       0x32 src/ASF/common2/components/memory/sd_mmc/ff.o
 .ARM.attributes
                0x0000007c       0x32 src/ASF/common2/components/memory/sd_mmc/sdmm.o
 .ARM.attributes
                0x000000ae       0x32 src/ASF/common2/services/delay/sam0/systick_counter.o
 .ARM.attributes
                0x000000e0       0x32 src/ASF/sam0/drivers/ac/ac_callback.o
 .ARM.attributes
                0x00000112       0x32 src/ASF/sam0/drivers/adc/adc_sam_d_r/adc.o
 .ARM.attributes
                0x00000144       0x32 src/ASF/sam0/drivers/events/events_hooks.o
 .ARM.attributes
                0x00000176       0x32 src/ASF/sam0/drivers/events/events_sam_d_r/events.o
 .ARM.attributes
                0x000001a8       0x32 src/ASF/sam0/drivers/extint/extint_callback.o
 .ARM.attributes
                0x000001da       0x32 src/ASF/sam0/drivers/extint/extint_sam_d_r/extint.o
 .ARM.attributes
                0x0000020c       0x32 src/ASF/sam0/drivers/port/port.o
 .ARM.attributes
                0x0000023e       0x32 src/ASF/common2/boards/user_board/init.o
 .ARM.attributes
                0x00000270       0x32 src/ASF/common/utils/interrupt/interrupt_sam_nvic.o
 .ARM.attributes
                0x000002a2       0x32 src/ASF/sam0/drivers/sercom/sercom.o
 .ARM.attributes
                0x000002d4       0x32 src/ASF/sam0/drivers/sercom/sercom_interrupt.o
 .ARM.attributes
                0x00000306       0x32 src/ASF/sam0/drivers/sercom/usart/usart.o
 .ARM.attributes
                0x00000338       0x32 src/ASF/sam0/drivers/sercom/usart/usart_interrupt.o
 .ARM.attributes
                0x0000036a       0x32 src/ASF/sam0/drivers/system/clock/clock_samd20/clock.o
 .ARM.attributes
                0x0000039c       0x32 src/ASF/sam0/drivers/system/clock/clock_samd20/gclk.o
 .ARM.attributes
                0x000003ce       0x32 src/ASF/sam0/drivers/system/pinmux/pinmux.o
 .ARM.attributes
                0x00000400       0x32 src/ASF/sam0/drivers/system/system.o
 .ARM.attributes
                0x00000432       0x32 src/ASF/sam0/drivers/tc/tc_interrupt.o
 .ARM.attributes
                0x00000464       0x32 src/ASF/sam0/drivers/tc/tc_sam_d_r/tc.o
 .ARM.attributes
                0x00000496       0x32 src/ASF/sam0/utils/cmsis/samd20/source/gcc/startup_samd20.o
 .ARM.attributes
                0x000004c8       0x32 src/main.o
 .ARM.attributes
                0x000004fa       0x1e c:/program files (x86)/atmel/studio/7.0/toolchain/arm/arm-gnu-toolchain/bin/../lib/gcc/arm-none-eabi/4.9.3/armv6-m\libgcc.a(_udivsi3.o)
 .ARM.attributes
                0x00000518       0x1e c:/program files (x86)/atmel/studio/7.0/toolchain/arm/arm-gnu-toolchain/bin/../lib/gcc/arm-none-eabi/4.9.3/armv6-m\libgcc.a(_divsi3.o)
 .ARM.attributes
                0x00000536       0x1e c:/program files (x86)/atmel/studio/7.0/toolchain/arm/arm-gnu-toolchain/bin/../lib/gcc/arm-none-eabi/4.9.3/armv6-m\libgcc.a(_dvmd_tls.o)
 .ARM.attributes
                0x00000554       0x2c c:/program files (x86)/atmel/studio/7.0/toolchain/arm/arm-gnu-toolchain/bin/../lib/gcc/arm-none-eabi/4.9.3/armv6-m\libgcc.a(_muldi3.o)
 .ARM.attributes
                0x00000580       0x2c c:/program files (x86)/atmel/studio/7.0/toolchain/arm/arm-gnu-toolchain/bin/../lib/gcc/arm-none-eabi/4.9.3/../../../../arm-none-eabi/lib/armv6-m\libc_nano.a(lib_a-init.o)
 .ARM.attributes
                0x000005ac       0x2c c:/program files (x86)/atmel/studio/7.0/toolchain/arm/arm-gnu-toolchain/bin/../lib/gcc/arm-none-eabi/4.9.3/../../../../arm-none-eabi/lib/armv6-m\libc_nano.a(lib_a-memcpy.o)
 .ARM.attributes
                0x000005d8       0x1e c:/program files (x86)/atmel/studio/7.0/toolchain/arm/arm-gnu-toolchain/bin/../lib/gcc/arm-none-eabi/4.9.3/armv6-m/crtn.o

.comment        0x00000000       0x5b
 .comment       0x00000000       0x5b src/ASF/common2/components/memory/sd_mmc/ff.o
                                 0x5c (size before relaxing)
 .comment       0x00000000       0x5c src/ASF/common2/components/memory/sd_mmc/sdmm.o
 .comment       0x00000000       0x5c src/ASF/common2/services/delay/sam0/systick_counter.o
 .comment       0x00000000       0x5c src/ASF/sam0/drivers/ac/ac_callback.o
 .comment       0x00000000       0x5c src/ASF/sam0/drivers/adc/adc_sam_d_r/adc.o
 .comment       0x00000000       0x5c src/ASF/sam0/drivers/events/events_hooks.o
 .comment       0x00000000       0x5c src/ASF/sam0/drivers/events/events_sam_d_r/events.o
 .comment       0x00000000       0x5c src/ASF/sam0/drivers/extint/extint_callback.o
 .comment       0x00000000       0x5c src/ASF/sam0/drivers/extint/extint_sam_d_r/extint.o
 .comment       0x00000000       0x5c src/ASF/sam0/drivers/port/port.o
 .comment       0x00000000       0x5c src/ASF/common2/boards/user_board/init.o
 .comment       0x00000000       0x5c src/ASF/common/utils/interrupt/interrupt_sam_nvic.o
 .comment       0x00000000       0x5c src/ASF/sam0/drivers/sercom/sercom.o
 .comment       0x00000000       0x5c src/ASF/sam0/drivers/sercom/sercom_interrupt.o
 .comment       0x00000000       0x5c src/ASF/sam0/drivers/sercom/usart/usart.o
 .comment       0x00000000       0x5c src/ASF/sam0/drivers/sercom/usart/usart_interrupt.o
 .comment       0x00000000       0x5c src/ASF/sam0/drivers/system/clock/clock_samd20/clock.o
 .comment       0x00000000       0x5c src/ASF/sam0/drivers/system/clock/clock_samd20/gclk.o
 .comment       0x00000000       0x5c src/ASF/sam0/drivers/system/pinmux/pinmux.o
 .comment       0x00000000       0x5c src/ASF/sam0/drivers/system/system.o
 .comment       0x00000000       0x5c src/ASF/sam0/drivers/tc/tc_interrupt.o
 .comment       0x00000000       0x5c src/ASF/sam0/drivers/tc/tc_sam_d_r/tc.o
 .comment       0x00000000       0x5c src/ASF/sam0/utils/cmsis/samd20/source/gcc/startup_samd20.o
 .comment       0x00000000       0x5c src/main.o

.debug_info     0x00000000    0x29cea
 .debug_info    0x00000000     0x2947 src/ASF/common2/components/memory/sd_mmc/ff.o
 .debug_info    0x00002947     0x245f src/ASF/common2/components/memory/sd_mmc/sdmm.o
 .debug_info    0x00004da6      0x269 src/ASF/common2/services/delay/sam0/systick_counter.o
 .debug_info    0x0000500f      0xd65 src/ASF/sam0/drivers/ac/ac_callback.o
 .debug_info    0x00005d74     0x2f9b src/ASF/sam0/drivers/adc/adc_sam_d_r/adc.o
 .debug_info    0x00008d0f      0xfc3 src/ASF/sam0/drivers/events/events_hooks.o
 .debug_info    0x00009cd2     0x1a1f src/ASF/sam0/drivers/events/events_sam_d_r/events.o
 .debug_info    0x0000b6f1     0x10aa src/ASF/sam0/drivers/extint/extint_callback.o
 .debug_info    0x0000c79b     0x207f src/ASF/sam0/drivers/extint/extint_sam_d_r/extint.o
 .debug_info    0x0000e81a      0x968 src/ASF/sam0/drivers/port/port.o
 .debug_info    0x0000f182      0xb96 src/ASF/common2/boards/user_board/init.o
 .debug_info    0x0000fd18      0x1ec src/ASF/common/utils/interrupt/interrupt_sam_nvic.o
 .debug_info    0x0000ff04     0x1d7b src/ASF/sam0/drivers/sercom/sercom.o
 .debug_info    0x00011c7f     0x1afd src/ASF/sam0/drivers/sercom/sercom_interrupt.o
 .debug_info    0x0001377c     0x3909 src/ASF/sam0/drivers/sercom/usart/usart.o
 .debug_info    0x00017085     0x1f85 src/ASF/sam0/drivers/sercom/usart/usart_interrupt.o
 .debug_info    0x0001900a     0x32c3 src/ASF/sam0/drivers/system/clock/clock_samd20/clock.o
 .debug_info    0x0001c2cd     0x1458 src/ASF/sam0/drivers/system/clock/clock_samd20/gclk.o
 .debug_info    0x0001d725      0xa47 src/ASF/sam0/drivers/system/pinmux/pinmux.o
 .debug_info    0x0001e16c      0x17a src/ASF/sam0/drivers/system/system.o
 .debug_info    0x0001e2e6     0x12a7 src/ASF/sam0/drivers/tc/tc_interrupt.o
 .debug_info    0x0001f58d     0x2552 src/ASF/sam0/drivers/tc/tc_sam_d_r/tc.o
 .debug_info    0x00021adf      0x9e0 src/ASF/sam0/utils/cmsis/samd20/source/gcc/startup_samd20.o
 .debug_info    0x000224bf     0x782b src/main.o

.debug_abbrev   0x00000000     0x44d0
 .debug_abbrev  0x00000000      0x2fe src/ASF/common2/components/memory/sd_mmc/ff.o
 .debug_abbrev  0x000002fe      0x433 src/ASF/common2/components/memory/sd_mmc/sdmm.o
 .debug_abbrev  0x00000731      0x13c src/ASF/common2/services/delay/sam0/systick_counter.o
 .debug_abbrev  0x0000086d      0x245 src/ASF/sam0/drivers/ac/ac_callback.o
 .debug_abbrev  0x00000ab2      0x3aa src/ASF/sam0/drivers/adc/adc_sam_d_r/adc.o
 .debug_abbrev  0x00000e5c      0x2ac src/ASF/sam0/drivers/events/events_hooks.o
 .debug_abbrev  0x00001108      0x3fb src/ASF/sam0/drivers/events/events_sam_d_r/events.o
 .debug_abbrev  0x00001503      0x297 src/ASF/sam0/drivers/extint/extint_callback.o
 .debug_abbrev  0x0000179a      0x3fc src/ASF/sam0/drivers/extint/extint_sam_d_r/extint.o
 .debug_abbrev  0x00001b96      0x1da src/ASF/sam0/drivers/port/port.o
 .debug_abbrev  0x00001d70      0x234 src/ASF/common2/boards/user_board/init.o
 .debug_abbrev  0x00001fa4       0xf6 src/ASF/common/utils/interrupt/interrupt_sam_nvic.o
 .debug_abbrev  0x0000209a      0x2fd src/ASF/sam0/drivers/sercom/sercom.o
 .debug_abbrev  0x00002397      0x22e src/ASF/sam0/drivers/sercom/sercom_interrupt.o
 .debug_abbrev  0x000025c5      0x3c6 src/ASF/sam0/drivers/sercom/usart/usart.o
 .debug_abbrev  0x0000298b      0x37b src/ASF/sam0/drivers/sercom/usart/usart_interrupt.o
 .debug_abbrev  0x00002d06      0x3ff src/ASF/sam0/drivers/system/clock/clock_samd20/clock.o
 .debug_abbrev  0x00003105      0x327 src/ASF/sam0/drivers/system/clock/clock_samd20/gclk.o
 .debug_abbrev  0x0000342c      0x287 src/ASF/sam0/drivers/system/pinmux/pinmux.o
 .debug_abbrev  0x000036b3       0xb9 src/ASF/sam0/drivers/system/system.o
 .debug_abbrev  0x0000376c      0x259 src/ASF/sam0/drivers/tc/tc_interrupt.o
 .debug_abbrev  0x000039c5      0x3a4 src/ASF/sam0/drivers/tc/tc_sam_d_r/tc.o
 .debug_abbrev  0x00003d69      0x202 src/ASF/sam0/utils/cmsis/samd20/source/gcc/startup_samd20.o
 .debug_abbrev  0x00003f6b      0x565 src/main.o

.debug_loc      0x00000000     0xb522
 .debug_loc     0x00000000     0x3e4e src/ASF/common2/components/memory/sd_mmc/ff.o
 .debug_loc     0x00003e4e      0xd9d src/ASF/common2/components/memory/sd_mmc/sdmm.o
 .debug_loc     0x00004beb       0xe4 src/ASF/common2/services/delay/sam0/systick_counter.o
 .debug_loc     0x00004ccf      0x10b src/ASF/sam0/drivers/ac/ac_callback.o
 .debug_loc     0x00004dda      0x7a4 src/ASF/sam0/drivers/adc/adc_sam_d_r/adc.o
 .debug_loc     0x0000557e      0x4a6 src/ASF/sam0/drivers/events/events_hooks.o
 .debug_loc     0x00005a24      0x44d src/ASF/sam0/drivers/events/events_sam_d_r/events.o
 .debug_loc     0x00005e71      0x215 src/ASF/sam0/drivers/extint/extint_callback.o
 .debug_loc     0x00006086      0x3dd src/ASF/sam0/drivers/extint/extint_sam_d_r/extint.o
 .debug_loc     0x00006463      0x16d src/ASF/sam0/drivers/port/port.o
 .debug_loc     0x000065d0       0x85 src/ASF/common2/boards/user_board/init.o
 .debug_loc     0x00006655       0x1e src/ASF/common/utils/interrupt/interrupt_sam_nvic.o
 .debug_loc     0x00006673      0x8d4 src/ASF/sam0/drivers/sercom/sercom.o
 .debug_loc     0x00006f47      0x170 src/ASF/sam0/drivers/sercom/sercom_interrupt.o
 .debug_loc     0x000070b7      0xc20 src/ASF/sam0/drivers/sercom/usart/usart.o
 .debug_loc     0x00007cd7      0x563 src/ASF/sam0/drivers/sercom/usart/usart_interrupt.o
 .debug_loc     0x0000823a      0xe8f src/ASF/sam0/drivers/system/clock/clock_samd20/clock.o
 .debug_loc     0x000090c9      0x51e src/ASF/sam0/drivers/system/clock/clock_samd20/gclk.o
 .debug_loc     0x000095e7      0x32f src/ASF/sam0/drivers/system/pinmux/pinmux.o
 .debug_loc     0x00009916       0x20 src/ASF/sam0/drivers/system/system.o
 .debug_loc     0x00009936      0x1dd src/ASF/sam0/drivers/tc/tc_interrupt.o
 .debug_loc     0x00009b13      0xffb src/ASF/sam0/drivers/tc/tc_sam_d_r/tc.o
 .debug_loc     0x0000ab0e       0x20 src/ASF/sam0/utils/cmsis/samd20/source/gcc/startup_samd20.o
 .debug_loc     0x0000ab2e      0x9f4 src/main.o

.debug_aranges  0x00000000      0x8b8
 .debug_aranges
                0x00000000      0x150 src/ASF/common2/components/memory/sd_mmc/ff.o
 .debug_aranges
                0x00000150       0x90 src/ASF/common2/components/memory/sd_mmc/sdmm.o
 .debug_aranges
                0x000001e0       0x30 src/ASF/common2/services/delay/sam0/systick_counter.o
 .debug_aranges
                0x00000210       0x38 src/ASF/sam0/drivers/ac/ac_callback.o
 .debug_aranges
                0x00000248       0x38 src/ASF/sam0/drivers/adc/adc_sam_d_r/adc.o
 .debug_aranges
                0x00000280       0x58 src/ASF/sam0/drivers/events/events_hooks.o
 .debug_aranges
                0x000002d8       0x80 src/ASF/sam0/drivers/events/events_sam_d_r/events.o
 .debug_aranges
                0x00000358       0x48 src/ASF/sam0/drivers/extint/extint_callback.o
 .debug_aranges
                0x000003a0       0x50 src/ASF/sam0/drivers/extint/extint_sam_d_r/extint.o
 .debug_aranges
                0x000003f0       0x28 src/ASF/sam0/drivers/port/port.o
 .debug_aranges
                0x00000418       0x20 src/ASF/common2/boards/user_board/init.o
 .debug_aranges
                0x00000438       0x28 src/ASF/common/utils/interrupt/interrupt_sam_nvic.o
 .debug_aranges
                0x00000460       0x40 src/ASF/sam0/drivers/sercom/sercom.o
 .debug_aranges
                0x000004a0       0x50 src/ASF/sam0/drivers/sercom/sercom_interrupt.o
 .debug_aranges
                0x000004f0       0x40 src/ASF/sam0/drivers/sercom/usart/usart.o
 .debug_aranges
                0x00000530       0x70 src/ASF/sam0/drivers/sercom/usart/usart_interrupt.o
 .debug_aranges
                0x000005a0       0x70 src/ASF/sam0/drivers/system/clock/clock_samd20/clock.o
 .debug_aranges
                0x00000610       0x80 src/ASF/sam0/drivers/system/clock/clock_samd20/gclk.o
 .debug_aranges
                0x00000690       0x38 src/ASF/sam0/drivers/system/pinmux/pinmux.o
 .debug_aranges
                0x000006c8       0x28 src/ASF/sam0/drivers/system/system.o
 .debug_aranges
                0x000006f0       0x60 src/ASF/sam0/drivers/tc/tc_interrupt.o
 .debug_aranges
                0x00000750       0x58 src/ASF/sam0/drivers/tc/tc_sam_d_r/tc.o
 .debug_aranges
                0x000007a8       0x28 src/ASF/sam0/utils/cmsis/samd20/source/gcc/startup_samd20.o
 .debug_aranges
                0x000007d0       0xe8 src/main.o

.debug_ranges   0x00000000      0xae0
 .debug_ranges  0x00000000      0x228 src/ASF/common2/components/memory/sd_mmc/ff.o
 .debug_ranges  0x00000228       0xf8 src/ASF/common2/components/memory/sd_mmc/sdmm.o
 .debug_ranges  0x00000320       0x50 src/ASF/common2/services/delay/sam0/systick_counter.o
 .debug_ranges  0x00000370       0x28 src/ASF/sam0/drivers/ac/ac_callback.o
 .debug_ranges  0x00000398       0x88 src/ASF/sam0/drivers/adc/adc_sam_d_r/adc.o
 .debug_ranges  0x00000420       0x48 src/ASF/sam0/drivers/events/events_hooks.o
 .debug_ranges  0x00000468       0xb0 src/ASF/sam0/drivers/events/events_sam_d_r/events.o
 .debug_ranges  0x00000518       0x60 src/ASF/sam0/drivers/extint/extint_callback.o
 .debug_ranges  0x00000578       0x40 src/ASF/sam0/drivers/extint/extint_sam_d_r/extint.o
 .debug_ranges  0x000005b8       0x18 src/ASF/sam0/drivers/port/port.o
 .debug_ranges  0x000005d0       0x10 src/ASF/common2/boards/user_board/init.o
 .debug_ranges  0x000005e0       0x18 src/ASF/common/utils/interrupt/interrupt_sam_nvic.o
 .debug_ranges  0x000005f8       0x60 src/ASF/sam0/drivers/sercom/sercom.o
 .debug_ranges  0x00000658       0x40 src/ASF/sam0/drivers/sercom/sercom_interrupt.o
 .debug_ranges  0x00000698       0xe0 src/ASF/sam0/drivers/sercom/usart/usart.o
 .debug_ranges  0x00000778       0x60 src/ASF/sam0/drivers/sercom/usart/usart_interrupt.o
 .debug_ranges  0x000007d8       0x60 src/ASF/sam0/drivers/system/clock/clock_samd20/clock.o
 .debug_ranges  0x00000838       0x70 src/ASF/sam0/drivers/system/clock/clock_samd20/gclk.o
 .debug_ranges  0x000008a8       0x28 src/ASF/sam0/drivers/system/pinmux/pinmux.o
 .debug_ranges  0x000008d0       0x18 src/ASF/sam0/drivers/system/system.o
 .debug_ranges  0x000008e8       0x50 src/ASF/sam0/drivers/tc/tc_interrupt.o
 .debug_ranges  0x00000938       0x78 src/ASF/sam0/drivers/tc/tc_sam_d_r/tc.o
 .debug_ranges  0x000009b0       0x18 src/ASF/sam0/utils/cmsis/samd20/source/gcc/startup_samd20.o
 .debug_ranges  0x000009c8      0x118 src/main.o

.debug_macro    0x00000000    0x13ad6
 .debug_macro   0x00000000      0x273 src/ASF/common2/components/memory/sd_mmc/ff.o
 .debug_macro   0x00000273      0x868 src/ASF/common2/components/memory/sd_mmc/ff.o
 .debug_macro   0x00000adb       0xb9 src/ASF/common2/components/memory/sd_mmc/ff.o
 .debug_macro   0x00000b94       0xe7 src/ASF/common2/components/memory/sd_mmc/ff.o
 .debug_macro   0x00000c7b       0x82 src/ASF/common2/components/memory/sd_mmc/ff.o
 .debug_macro   0x00000cfd      0x667 src/ASF/common2/components/memory/sd_mmc/sdmm.o
 .debug_macro   0x00001364      0x166 src/ASF/common2/components/memory/sd_mmc/sdmm.o
 .debug_macro   0x000014ca      0x621 src/ASF/common2/components/memory/sd_mmc/sdmm.o
 .debug_macro   0x00001aeb       0x22 src/ASF/common2/components/memory/sd_mmc/sdmm.o
 .debug_macro   0x00001b0d       0x44 src/ASF/common2/components/memory/sd_mmc/sdmm.o
 .debug_macro   0x00001b51       0x58 src/ASF/common2/components/memory/sd_mmc/sdmm.o
 .debug_macro   0x00001ba9       0x22 src/ASF/common2/components/memory/sd_mmc/sdmm.o
 .debug_macro   0x00001bcb      0x1df src/ASF/common2/components/memory/sd_mmc/sdmm.o
 .debug_macro   0x00001daa       0x10 src/ASF/common2/components/memory/sd_mmc/sdmm.o
 .debug_macro   0x00001dba       0x76 src/ASF/common2/components/memory/sd_mmc/sdmm.o
 .debug_macro   0x00001e30       0x16 src/ASF/common2/components/memory/sd_mmc/sdmm.o
 .debug_macro   0x00001e46      0x6e5 src/ASF/common2/components/memory/sd_mmc/sdmm.o
 .debug_macro   0x0000252b      0xde2 src/ASF/common2/components/memory/sd_mmc/sdmm.o
 .debug_macro   0x0000330d       0x22 src/ASF/common2/components/memory/sd_mmc/sdmm.o
 .debug_macro   0x0000332f       0x40 src/ASF/common2/components/memory/sd_mmc/sdmm.o
 .debug_macro   0x0000336f       0x3a src/ASF/common2/components/memory/sd_mmc/sdmm.o
 .debug_macro   0x000033a9       0x1f src/ASF/common2/components/memory/sd_mmc/sdmm.o
 .debug_macro   0x000033c8      0x250 src/ASF/common2/components/memory/sd_mmc/sdmm.o
 .debug_macro   0x00003618      0x682 src/ASF/common2/components/memory/sd_mmc/sdmm.o
 .debug_macro   0x00003c9a      0x8c1 src/ASF/common2/components/memory/sd_mmc/sdmm.o
 .debug_macro   0x0000455b      0x229 src/ASF/common2/components/memory/sd_mmc/sdmm.o
 .debug_macro   0x00004784      0x5bf src/ASF/common2/components/memory/sd_mmc/sdmm.o
 .debug_macro   0x00004d43      0x9fb src/ASF/common2/components/memory/sd_mmc/sdmm.o
 .debug_macro   0x0000573e      0x5b8 src/ASF/common2/components/memory/sd_mmc/sdmm.o
 .debug_macro   0x00005cf6      0x4b6 src/ASF/common2/components/memory/sd_mmc/sdmm.o
 .debug_macro   0x000061ac      0x74c src/ASF/common2/components/memory/sd_mmc/sdmm.o
 .debug_macro   0x000068f8       0x5e src/ASF/common2/components/memory/sd_mmc/sdmm.o
 .debug_macro   0x00006956      0x5e2 src/ASF/common2/components/memory/sd_mmc/sdmm.o
 .debug_macro   0x00006f38      0x3b8 src/ASF/common2/components/memory/sd_mmc/sdmm.o
 .debug_macro   0x000072f0      0xc55 src/ASF/common2/components/memory/sd_mmc/sdmm.o
 .debug_macro   0x00007f45      0xd29 src/ASF/common2/components/memory/sd_mmc/sdmm.o
 .debug_macro   0x00008c6e      0x7b8 src/ASF/common2/components/memory/sd_mmc/sdmm.o
 .debug_macro   0x00009426      0x6c2 src/ASF/common2/components/memory/sd_mmc/sdmm.o
 .debug_macro   0x00009ae8      0x351 src/ASF/common2/components/memory/sd_mmc/sdmm.o
 .debug_macro   0x00009e39       0x7c src/ASF/common2/components/memory/sd_mmc/sdmm.o
 .debug_macro   0x00009eb5       0x9a src/ASF/common2/components/memory/sd_mmc/sdmm.o
 .debug_macro   0x00009f4f       0x46 src/ASF/common2/components/memory/sd_mmc/sdmm.o
 .debug_macro   0x00009f95       0xb2 src/ASF/common2/components/memory/sd_mmc/sdmm.o
 .debug_macro   0x0000a047       0x6a src/ASF/common2/components/memory/sd_mmc/sdmm.o
 .debug_macro   0x0000a0b1      0x287 src/ASF/common2/components/memory/sd_mmc/sdmm.o
 .debug_macro   0x0000a338       0x82 src/ASF/common2/components/memory/sd_mmc/sdmm.o
 .debug_macro   0x0000a3ba       0xb8 src/ASF/common2/components/memory/sd_mmc/sdmm.o
 .debug_macro   0x0000a472       0x1c src/ASF/common2/components/memory/sd_mmc/sdmm.o
 .debug_macro   0x0000a48e       0x1c src/ASF/common2/components/memory/sd_mmc/sdmm.o
 .debug_macro   0x0000a4aa       0x1c src/ASF/common2/components/memory/sd_mmc/sdmm.o
 .debug_macro   0x0000a4c6       0x82 src/ASF/common2/components/memory/sd_mmc/sdmm.o
 .debug_macro   0x0000a548      0x164 src/ASF/common2/components/memory/sd_mmc/sdmm.o
 .debug_macro   0x0000a6ac       0xdc src/ASF/common2/components/memory/sd_mmc/sdmm.o
 .debug_macro   0x0000a788      0x104 src/ASF/common2/components/memory/sd_mmc/sdmm.o
 .debug_macro   0x0000a88c      0x104 src/ASF/common2/components/memory/sd_mmc/sdmm.o
 .debug_macro   0x0000a990      0x104 src/ASF/common2/components/memory/sd_mmc/sdmm.o
 .debug_macro   0x0000aa94      0x104 src/ASF/common2/components/memory/sd_mmc/sdmm.o
 .debug_macro   0x0000ab98       0xfa src/ASF/common2/components/memory/sd_mmc/sdmm.o
 .debug_macro   0x0000ac92       0xbe src/ASF/common2/components/memory/sd_mmc/sdmm.o
 .debug_macro   0x0000ad50       0xbe src/ASF/common2/components/memory/sd_mmc/sdmm.o
 .debug_macro   0x0000ae0e       0xbe src/ASF/common2/components/memory/sd_mmc/sdmm.o
 .debug_macro   0x0000aecc       0xbe src/ASF/common2/components/memory/sd_mmc/sdmm.o
 .debug_macro   0x0000af8a       0xbe src/ASF/common2/components/memory/sd_mmc/sdmm.o
 .debug_macro   0x0000b048       0xbe src/ASF/common2/components/memory/sd_mmc/sdmm.o
 .debug_macro   0x0000b106       0x40 src/ASF/common2/components/memory/sd_mmc/sdmm.o
 .debug_macro   0x0000b146      0x2ab src/ASF/common2/components/memory/sd_mmc/sdmm.o
 .debug_macro   0x0000b3f1      0xcf9 src/ASF/common2/components/memory/sd_mmc/sdmm.o
 .debug_macro   0x0000c0ea       0x4a src/ASF/common2/components/memory/sd_mmc/sdmm.o
 .debug_macro   0x0000c134       0x58 src/ASF/common2/components/memory/sd_mmc/sdmm.o
 .debug_macro   0x0000c18c       0x35 src/ASF/common2/components/memory/sd_mmc/sdmm.o
 .debug_macro   0x0000c1c1       0x9c src/ASF/common2/components/memory/sd_mmc/sdmm.o
 .debug_macro   0x0000c25d       0x16 src/ASF/common2/components/memory/sd_mmc/sdmm.o
 .debug_macro   0x0000c273       0x35 src/ASF/common2/components/memory/sd_mmc/sdmm.o
 .debug_macro   0x0000c2a8      0x29d src/ASF/common2/components/memory/sd_mmc/sdmm.o
 .debug_macro   0x0000c545       0x10 src/ASF/common2/components/memory/sd_mmc/sdmm.o
 .debug_macro   0x0000c555       0x52 src/ASF/common2/components/memory/sd_mmc/sdmm.o
 .debug_macro   0x0000c5a7       0x16 src/ASF/common2/components/memory/sd_mmc/sdmm.o
 .debug_macro   0x0000c5bd       0x43 src/ASF/common2/components/memory/sd_mmc/sdmm.o
 .debug_macro   0x0000c600      0x180 src/ASF/common2/components/memory/sd_mmc/sdmm.o
 .debug_macro   0x0000c780       0x10 src/ASF/common2/components/memory/sd_mmc/sdmm.o
 .debug_macro   0x0000c790       0x22 src/ASF/common2/components/memory/sd_mmc/sdmm.o
 .debug_macro   0x0000c7b2       0xbe src/ASF/common2/components/memory/sd_mmc/sdmm.o
 .debug_macro   0x0000c870       0x16 src/ASF/common2/components/memory/sd_mmc/sdmm.o
 .debug_macro   0x0000c886      0x197 src/ASF/common2/components/memory/sd_mmc/sdmm.o
 .debug_macro   0x0000ca1d       0x16 src/ASF/common2/components/memory/sd_mmc/sdmm.o
 .debug_macro   0x0000ca33       0x16 src/ASF/common2/components/memory/sd_mmc/sdmm.o
 .debug_macro   0x0000ca49       0x29 src/ASF/common2/components/memory/sd_mmc/sdmm.o
 .debug_macro   0x0000ca72       0x51 src/ASF/common2/components/memory/sd_mmc/sdmm.o
 .debug_macro   0x0000cac3       0x3f src/ASF/common2/components/memory/sd_mmc/sdmm.o
 .debug_macro   0x0000cb02      0x3df src/ASF/common2/components/memory/sd_mmc/sdmm.o
 .debug_macro   0x0000cee1       0x4a src/ASF/common2/components/memory/sd_mmc/sdmm.o
 .debug_macro   0x0000cf2b       0x2e src/ASF/common2/components/memory/sd_mmc/sdmm.o
 .debug_macro   0x0000cf59       0x11 src/ASF/common2/components/memory/sd_mmc/sdmm.o
 .debug_macro   0x0000cf6a       0x19 src/ASF/common2/components/memory/sd_mmc/sdmm.o
 .debug_macro   0x0000cf83       0xbe src/ASF/common2/components/memory/sd_mmc/sdmm.o
 .debug_macro   0x0000d041       0x1c src/ASF/common2/components/memory/sd_mmc/sdmm.o
 .debug_macro   0x0000d05d       0x16 src/ASF/common2/components/memory/sd_mmc/sdmm.o
 .debug_macro   0x0000d073       0x27 src/ASF/common2/components/memory/sd_mmc/sdmm.o
 .debug_macro   0x0000d09a       0x18 src/ASF/common2/components/memory/sd_mmc/sdmm.o
 .debug_macro   0x0000d0b2      0x279 src/ASF/common2/components/memory/sd_mmc/sdmm.o
 .debug_macro   0x0000d32b       0x7c src/ASF/common2/components/memory/sd_mmc/sdmm.o
 .debug_macro   0x0000d3a7       0x11 src/ASF/common2/components/memory/sd_mmc/sdmm.o
 .debug_macro   0x0000d3b8       0x7a src/ASF/common2/components/memory/sd_mmc/sdmm.o
 .debug_macro   0x0000d432       0x10 src/ASF/common2/components/memory/sd_mmc/sdmm.o
 .debug_macro   0x0000d442       0x1f src/ASF/common2/components/memory/sd_mmc/sdmm.o
 .debug_macro   0x0000d461       0x6c src/ASF/common2/components/memory/sd_mmc/sdmm.o
 .debug_macro   0x0000d4cd       0x7c src/ASF/common2/components/memory/sd_mmc/sdmm.o
 .debug_macro   0x0000d549      0x43c src/ASF/common2/services/delay/sam0/systick_counter.o
 .debug_macro   0x0000d985       0x16 src/ASF/common2/services/delay/sam0/systick_counter.o
 .debug_macro   0x0000d99b      0x451 src/ASF/sam0/drivers/ac/ac_callback.o
 .debug_macro   0x0000ddec      0x46e src/ASF/sam0/drivers/adc/adc_sam_d_r/adc.o
 .debug_macro   0x0000e25a      0x450 src/ASF/sam0/drivers/events/events_hooks.o
 .debug_macro   0x0000e6aa      0x47f src/ASF/sam0/drivers/events/events_sam_d_r/events.o
 .debug_macro   0x0000eb29      0x425 src/ASF/sam0/drivers/extint/extint_callback.o
 .debug_macro   0x0000ef4e       0x12 src/ASF/sam0/drivers/extint/extint_callback.o
 .debug_macro   0x0000ef60      0x481 src/ASF/sam0/drivers/extint/extint_sam_d_r/extint.o
 .debug_macro   0x0000f3e1       0x16 src/ASF/sam0/drivers/extint/extint_sam_d_r/extint.o
 .debug_macro   0x0000f3f7      0x41c src/ASF/sam0/drivers/port/port.o
 .debug_macro   0x0000f813      0x593 src/ASF/common2/boards/user_board/init.o
 .debug_macro   0x0000fda6      0x400 src/ASF/common/utils/interrupt/interrupt_sam_nvic.o
 .debug_macro   0x000101a6      0x48f src/ASF/sam0/drivers/sercom/sercom.o
 .debug_macro   0x00010635      0x48c src/ASF/sam0/drivers/sercom/sercom_interrupt.o
 .debug_macro   0x00010ac1      0x4a0 src/ASF/sam0/drivers/sercom/usart/usart.o
 .debug_macro   0x00010f61       0x19 src/ASF/sam0/drivers/sercom/usart/usart.o
 .debug_macro   0x00010f7a      0x4a0 src/ASF/sam0/drivers/sercom/usart/usart_interrupt.o
 .debug_macro   0x0001141a      0x516 src/ASF/sam0/drivers/system/clock/clock_samd20/clock.o
 .debug_macro   0x00011930      0x21a src/ASF/sam0/drivers/system/clock/clock_samd20/clock.o
 .debug_macro   0x00011b4a      0x437 src/ASF/sam0/drivers/system/clock/clock_samd20/gclk.o
 .debug_macro   0x00011f81      0x412 src/ASF/sam0/drivers/system/pinmux/pinmux.o
 .debug_macro   0x00012393      0x445 src/ASF/sam0/drivers/system/system.o
 .debug_macro   0x000127d8      0x46f src/ASF/sam0/drivers/tc/tc_interrupt.o
 .debug_macro   0x00012c47       0x19 src/ASF/sam0/drivers/tc/tc_interrupt.o
 .debug_macro   0x00012c60       0x51 src/ASF/sam0/drivers/tc/tc_interrupt.o
 .debug_macro   0x00012cb1      0x48a src/ASF/sam0/drivers/tc/tc_sam_d_r/tc.o
 .debug_macro   0x0001313b      0x254 src/ASF/sam0/utils/cmsis/samd20/source/gcc/startup_samd20.o
 .debug_macro   0x0001338f       0x3a src/ASF/sam0/utils/cmsis/samd20/source/gcc/startup_samd20.o
 .debug_macro   0x000133c9      0x62d src/main.o
 .debug_macro   0x000139f6       0xe0 src/main.o

.debug_line     0x00000000     0xfe3e
 .debug_line    0x00000000      0xaca src/ASF/common2/components/memory/sd_mmc/ff.o
 .debug_line    0x00000aca     0x1118 src/ASF/common2/components/memory/sd_mmc/sdmm.o
 .debug_line    0x00001be2      0x8a0 src/ASF/common2/services/delay/sam0/systick_counter.o
 .debug_line    0x00002482      0x8f7 src/ASF/sam0/drivers/ac/ac_callback.o
 .debug_line    0x00002d79      0xb59 src/ASF/sam0/drivers/adc/adc_sam_d_r/adc.o
 .debug_line    0x000038d2      0x92e src/ASF/sam0/drivers/events/events_hooks.o
 .debug_line    0x00004200      0xb34 src/ASF/sam0/drivers/events/events_sam_d_r/events.o
 .debug_line    0x00004d34      0x8a8 src/ASF/sam0/drivers/extint/extint_callback.o
 .debug_line    0x000055dc      0xaf3 src/ASF/sam0/drivers/extint/extint_sam_d_r/extint.o
 .debug_line    0x000060cf      0x7df src/ASF/sam0/drivers/port/port.o
 .debug_line    0x000068ae      0xd16 src/ASF/common2/boards/user_board/init.o
 .debug_line    0x000075c4      0x7b3 src/ASF/common/utils/interrupt/interrupt_sam_nvic.o
 .debug_line    0x00007d77      0xa86 src/ASF/sam0/drivers/sercom/sercom.o
 .debug_line    0x000087fd      0xa22 src/ASF/sam0/drivers/sercom/sercom_interrupt.o
 .debug_line    0x0000921f      0xbb1 src/ASF/sam0/drivers/sercom/usart/usart.o
 .debug_line    0x00009dd0      0xb55 src/ASF/sam0/drivers/sercom/usart/usart_interrupt.o
 .debug_line    0x0000a925      0xada src/ASF/sam0/drivers/system/clock/clock_samd20/clock.o
 .debug_line    0x0000b3ff      0xb49 src/ASF/sam0/drivers/system/clock/clock_samd20/gclk.o
 .debug_line    0x0000bf48      0x805 src/ASF/sam0/drivers/system/pinmux/pinmux.o
 .debug_line    0x0000c74d      0x8c7 src/ASF/sam0/drivers/system/system.o
 .debug_line    0x0000d014      0x987 src/ASF/sam0/drivers/tc/tc_interrupt.o
 .debug_line    0x0000d99b      0xc88 src/ASF/sam0/drivers/tc/tc_sam_d_r/tc.o
 .debug_line    0x0000e623      0x5ad src/ASF/sam0/utils/cmsis/samd20/source/gcc/startup_samd20.o
 .debug_line    0x0000ebd0     0x126e src/main.o

.debug_str      0x00000000    0x5c142
 .debug_str     0x00000000     0x378c src/ASF/common2/components/memory/sd_mmc/ff.o
                               0x3854 (size before relaxing)
 .debug_str     0x0000378c    0x507e0 src/ASF/common2/components/memory/sd_mmc/sdmm.o
                              0x53329 (size before relaxing)
 .debug_str     0x00053f6c       0xa5 src/ASF/common2/services/delay/sam0/systick_counter.o
                              0x50f24 (size before relaxing)
 .debug_str     0x00054011      0x562 src/ASF/sam0/drivers/ac/ac_callback.o
                              0x517f5 (size before relaxing)
 .debug_str     0x00054573     0x14c8 src/ASF/sam0/drivers/adc/adc_sam_d_r/adc.o
                              0x528c6 (size before relaxing)
 .debug_str     0x00055a3b      0x77d src/ASF/sam0/drivers/events/events_hooks.o
                              0x51a0d (size before relaxing)
 .debug_str     0x000561b8      0x2fb src/ASF/sam0/drivers/events/events_sam_d_r/events.o
                              0x51d64 (size before relaxing)
 .debug_str     0x000564b3      0x4b4 src/ASF/sam0/drivers/extint/extint_callback.o
                              0x515a1 (size before relaxing)
 .debug_str     0x00056967      0x404 src/ASF/sam0/drivers/extint/extint_sam_d_r/extint.o
                              0x523b4 (size before relaxing)
 .debug_str     0x00056d6b       0x4e src/ASF/sam0/drivers/port/port.o
                              0x51155 (size before relaxing)
 .debug_str     0x00056db9       0xc2 src/ASF/common2/boards/user_board/init.o
                              0x52ab5 (size before relaxing)
 .debug_str     0x00056e7b       0x73 src/ASF/common/utils/interrupt/interrupt_sam_nvic.o
                              0x50da0 (size before relaxing)
 .debug_str     0x00056eee      0x876 src/ASF/sam0/drivers/sercom/sercom.o
                              0x520c5 (size before relaxing)
 .debug_str     0x00057764      0x19b src/ASF/sam0/drivers/sercom/sercom_interrupt.o
                              0x51e76 (size before relaxing)
 .debug_str     0x000578ff      0x7f7 src/ASF/sam0/drivers/sercom/usart/usart.o
                              0x52a04 (size before relaxing)
 .debug_str     0x000580f6      0x17c src/ASF/sam0/drivers/sercom/usart/usart_interrupt.o
                              0x51f8f (size before relaxing)
 .debug_str     0x00058272     0x23cf src/ASF/sam0/drivers/system/clock/clock_samd20/clock.o
                              0x53f39 (size before relaxing)
 .debug_str     0x0005a641      0x276 src/ASF/sam0/drivers/system/clock/clock_samd20/gclk.o
                              0x5198a (size before relaxing)
 .debug_str     0x0005a8b7      0x130 src/ASF/sam0/drivers/system/pinmux/pinmux.o
                              0x51197 (size before relaxing)
 .debug_str     0x0005a9e7       0x47 src/ASF/sam0/drivers/system/system.o
                              0x50e0a (size before relaxing)
 .debug_str     0x0005aa2e      0x340 src/ASF/sam0/drivers/tc/tc_interrupt.o
                              0x51ab5 (size before relaxing)
 .debug_str     0x0005ad6e      0x528 src/ASF/sam0/drivers/tc/tc_sam_d_r/tc.o
                              0x52310 (size before relaxing)
 .debug_str     0x0005b296      0x374 src/ASF/sam0/utils/cmsis/samd20/source/gcc/startup_samd20.o
                              0x3ce4a (size before relaxing)
 .debug_str     0x0005b60a      0xb38 src/main.o
                              0x56fd9 (size before relaxing)

.debug_frame    0x00000000     0x1748
 .debug_frame   0x00000000      0x4ec src/ASF/common2/components/memory/sd_mmc/ff.o
 .debug_frame   0x000004ec      0x1c4 src/ASF/common2/components/memory/sd_mmc/sdmm.o
 .debug_frame   0x000006b0       0x60 src/ASF/common2/services/delay/sam0/systick_counter.o
 .debug_frame   0x00000710       0x64 src/ASF/sam0/drivers/ac/ac_callback.o
 .debug_frame   0x00000774       0x98 src/ASF/sam0/drivers/adc/adc_sam_d_r/adc.o
 .debug_frame   0x0000080c       0xb8 src/ASF/sam0/drivers/events/events_hooks.o
 .debug_frame   0x000008c4      0x120 src/ASF/sam0/drivers/events/events_sam_d_r/events.o
 .debug_frame   0x000009e4       0x7c src/ASF/sam0/drivers/extint/extint_callback.o
 .debug_frame   0x00000a60       0xb8 src/ASF/sam0/drivers/extint/extint_sam_d_r/extint.o
 .debug_frame   0x00000b18       0x44 src/ASF/sam0/drivers/port/port.o
 .debug_frame   0x00000b5c       0x38 src/ASF/common2/boards/user_board/init.o
 .debug_frame   0x00000b94       0x30 src/ASF/common/utils/interrupt/interrupt_sam_nvic.o
 .debug_frame   0x00000bc4       0x9c src/ASF/sam0/drivers/sercom/sercom.o
 .debug_frame   0x00000c60       0xb8 src/ASF/sam0/drivers/sercom/sercom_interrupt.o
 .debug_frame   0x00000d18       0xbc src/ASF/sam0/drivers/sercom/usart/usart.o
 .debug_frame   0x00000dd4      0x110 src/ASF/sam0/drivers/sercom/usart/usart_interrupt.o
 .debug_frame   0x00000ee4      0x138 src/ASF/sam0/drivers/system/clock/clock_samd20/clock.o
 .debug_frame   0x0000101c      0x148 src/ASF/sam0/drivers/system/clock/clock_samd20/gclk.o
 .debug_frame   0x00001164       0x74 src/ASF/sam0/drivers/system/pinmux/pinmux.o
 .debug_frame   0x000011d8       0x38 src/ASF/sam0/drivers/system/system.o
 .debug_frame   0x00001210       0xdc src/ASF/sam0/drivers/tc/tc_interrupt.o
 .debug_frame   0x000012ec       0xd8 src/ASF/sam0/drivers/tc/tc_sam_d_r/tc.o
 .debug_frame   0x000013c4       0x38 src/ASF/sam0/utils/cmsis/samd20/source/gcc/startup_samd20.o
 .debug_frame   0x000013fc      0x284 src/main.o
 .debug_frame   0x00001680       0x20 c:/program files (x86)/atmel/studio/7.0/toolchain/arm/arm-gnu-toolchain/bin/../lib/gcc/arm-none-eabi/4.9.3/armv6-m\libgcc.a(_udivsi3.o)
 .debug_frame   0x000016a0       0x20 c:/program files (x86)/atmel/studio/7.0/toolchain/arm/arm-gnu-toolchain/bin/../lib/gcc/arm-none-eabi/4.9.3/armv6-m\libgcc.a(_divsi3.o)
 .debug_frame   0x000016c0       0x34 c:/program files (x86)/atmel/studio/7.0/toolchain/arm/arm-gnu-toolchain/bin/../lib/gcc/arm-none-eabi/4.9.3/armv6-m\libgcc.a(_muldi3.o)
 .debug_frame   0x000016f4       0x2c c:/program files (x86)/atmel/studio/7.0/toolchain/arm/arm-gnu-toolchain/bin/../lib/gcc/arm-none-eabi/4.9.3/../../../../arm-none-eabi/lib/armv6-m\libc_nano.a(lib_a-init.o)
 .debug_frame   0x00001720       0x28 c:/program files (x86)/atmel/studio/7.0/toolchain/arm/arm-gnu-toolchain/bin/../lib/gcc/arm-none-eabi/4.9.3/../../../../arm-none-eabi/lib/armv6-m\libc_nano.a(lib_a-memcpy.o)

Cross Reference Table

Symbol                                            File
AC_Handler                                        src/ASF/sam0/drivers/ac/ac_callback.o
ADC_Handler                                       src/main.o
                                                  src/ASF/sam0/utils/cmsis/samd20/source/gcc/startup_samd20.o
DAC_Handler                                       src/ASF/sam0/utils/cmsis/samd20/source/gcc/startup_samd20.o
Dummy_Handler                                     src/ASF/sam0/utils/cmsis/samd20/source/gcc/startup_samd20.o
EIC_Handler                                       src/ASF/sam0/drivers/extint/extint_callback.o
EVSYS_Handler                                     src/ASF/sam0/drivers/events/events_hooks.o
FatFs                                             src/main.o
Fil                                               src/main.o
HardFault_Handler                                 src/ASF/sam0/utils/cmsis/samd20/source/gcc/startup_samd20.o
NMI_Handler                                       src/ASF/sam0/utils/cmsis/samd20/source/gcc/startup_samd20.o
NVMCTRL_Handler                                   src/ASF/sam0/utils/cmsis/samd20/source/gcc/startup_samd20.o
PM_Handler                                        src/ASF/sam0/utils/cmsis/samd20/source/gcc/startup_samd20.o
PTC_Handler                                       src/ASF/sam0/utils/cmsis/samd20/source/gcc/startup_samd20.o
PendSV_Handler                                    src/ASF/sam0/utils/cmsis/samd20/source/gcc/startup_samd20.o
RTC_Handler                                       src/ASF/sam0/utils/cmsis/samd20/source/gcc/startup_samd20.o
Reset_Handler                                     src/ASF/sam0/utils/cmsis/samd20/source/gcc/startup_samd20.o
SERCOM0_Handler                                   src/ASF/sam0/drivers/sercom/sercom_interrupt.o
SERCOM1_Handler                                   src/ASF/sam0/drivers/sercom/sercom_interrupt.o
SERCOM2_Handler                                   src/ASF/sam0/drivers/sercom/sercom_interrupt.o
SERCOM3_Handler                                   src/ASF/sam0/drivers/sercom/sercom_interrupt.o
SVC_Handler                                       src/ASF/sam0/utils/cmsis/samd20/source/gcc/startup_samd20.o
SYSCTRL_Handler                                   src/ASF/sam0/utils/cmsis/samd20/source/gcc/startup_samd20.o
SysTick_Handler                                   src/ASF/sam0/utils/cmsis/samd20/source/gcc/startup_samd20.o
SystemCoreClock                                   src/ASF/sam0/utils/cmsis/samd20/source/system_samd20.o
SystemCoreClockUpdate                             src/ASF/sam0/utils/cmsis/samd20/source/system_samd20.o
SystemInit                                        src/ASF/sam0/utils/cmsis/samd20/source/system_samd20.o
TC0_Handler                                       src/ASF/sam0/drivers/tc/tc_interrupt.o
TC1_Handler                                       src/ASF/sam0/drivers/tc/tc_interrupt.o
TC2_Handler                                       src/ASF/sam0/drivers/tc/tc_interrupt.o
TC3_Handler                                       src/ASF/sam0/drivers/tc/tc_interrupt.o
TC4_Handler                                       src/ASF/sam0/drivers/tc/tc_interrupt.o
TC5_Handler                                       src/ASF/sam0/drivers/tc/tc_interrupt.o
WDT_Handler                                       src/ASF/sam0/utils/cmsis/samd20/source/gcc/startup_samd20.o
_Jv_RegisterClasses                               c:/program files (x86)/atmel/studio/7.0/toolchain/arm/arm-gnu-toolchain/bin/../lib/gcc/arm-none-eabi/4.9.3/armv6-m/crtbegin.o
__aeabi_idiv                                      c:/program files (x86)/atmel/studio/7.0/toolchain/arm/arm-gnu-toolchain/bin/../lib/gcc/arm-none-eabi/4.9.3/armv6-m\libgcc.a(_divsi3.o)
                                                  c:/program files (x86)/atmel/studio/7.0/toolchain/arm/arm-gnu-toolchain/bin/../lib/gcc/arm-none-eabi/4.9.3/../../../../arm-none-eabi/lib/armv6-m\libc_nano.a(lib_a-fvwrite.o)
                                                  src/main.o
__aeabi_idiv0                                     c:/program files (x86)/atmel/studio/7.0/toolchain/arm/arm-gnu-toolchain/bin/../lib/gcc/arm-none-eabi/4.9.3/armv6-m\libgcc.a(_dvmd_tls.o)
                                                  c:/program files (x86)/atmel/studio/7.0/toolchain/arm/arm-gnu-toolchain/bin/../lib/gcc/arm-none-eabi/4.9.3/armv6-m\libgcc.a(_divsi3.o)
                                                  c:/program files (x86)/atmel/studio/7.0/toolchain/arm/arm-gnu-toolchain/bin/../lib/gcc/arm-none-eabi/4.9.3/armv6-m\libgcc.a(_udivsi3.o)
__aeabi_idivmod                                   c:/program files (x86)/atmel/studio/7.0/toolchain/arm/arm-gnu-toolchain/bin/../lib/gcc/arm-none-eabi/4.9.3/armv6-m\libgcc.a(_divsi3.o)
__aeabi_ldiv0                                     c:/program files (x86)/atmel/studio/7.0/toolchain/arm/arm-gnu-toolchain/bin/../lib/gcc/arm-none-eabi/4.9.3/armv6-m\libgcc.a(_dvmd_tls.o)
__aeabi_lmul                                      c:/program files (x86)/atmel/studio/7.0/toolchain/arm/arm-gnu-toolchain/bin/../lib/gcc/arm-none-eabi/4.9.3/armv6-m\libgcc.a(_muldi3.o)
                                                  src/ASF/sam0/drivers/sercom/sercom.o
__aeabi_uidiv                                     c:/program files (x86)/atmel/studio/7.0/toolchain/arm/arm-gnu-toolchain/bin/../lib/gcc/arm-none-eabi/4.9.3/armv6-m\libgcc.a(_udivsi3.o)
                                                  c:/program files (x86)/atmel/studio/7.0/toolchain/arm/arm-gnu-toolchain/bin/../lib/gcc/arm-none-eabi/4.9.3/../../../../arm-none-eabi/lib/armv6-m\libc_nano.a(lib_a-nano-vfprintf_i.o)
                                                  src/ASF/sam0/drivers/system/clock/clock_samd20/gclk.o
                                                  src/ASF/common2/services/delay/sam0/systick_counter.o
                                                  src/ASF/common2/components/memory/sd_mmc/ff.o
__aeabi_uidivmod                                  c:/program files (x86)/atmel/studio/7.0/toolchain/arm/arm-gnu-toolchain/bin/../lib/gcc/arm-none-eabi/4.9.3/armv6-m\libgcc.a(_udivsi3.o)
                                                  c:/program files (x86)/atmel/studio/7.0/toolchain/arm/arm-gnu-toolchain/bin/../lib/gcc/arm-none-eabi/4.9.3/../../../../arm-none-eabi/lib/armv6-m\libc_nano.a(lib_a-nano-vfprintf_i.o)
__bss_end__                                       c:/program files (x86)/atmel/studio/7.0/toolchain/arm/arm-gnu-toolchain/bin/../lib/gcc/arm-none-eabi/4.9.3/../../../../arm-none-eabi/lib/armv6-m/crt0.o
__bss_start__                                     c:/program files (x86)/atmel/studio/7.0/toolchain/arm/arm-gnu-toolchain/bin/../lib/gcc/arm-none-eabi/4.9.3/../../../../arm-none-eabi/lib/armv6-m/crt0.o
__call_exitprocs                                  c:/program files (x86)/atmel/studio/7.0/toolchain/arm/arm-gnu-toolchain/bin/../lib/gcc/arm-none-eabi/4.9.3/../../../../arm-none-eabi/lib/armv6-m\libc_nano.a(lib_a-exit.o)
__deregister_frame_info                           c:/program files (x86)/atmel/studio/7.0/toolchain/arm/arm-gnu-toolchain/bin/../lib/gcc/arm-none-eabi/4.9.3/armv6-m/crtbegin.o
__divsi3                                          c:/program files (x86)/atmel/studio/7.0/toolchain/arm/arm-gnu-toolchain/bin/../lib/gcc/arm-none-eabi/4.9.3/armv6-m\libgcc.a(_divsi3.o)
__dso_handle                                      c:/program files (x86)/atmel/studio/7.0/toolchain/arm/arm-gnu-toolchain/bin/../lib/gcc/arm-none-eabi/4.9.3/armv6-m/crtbegin.o
__fp_lock_all                                     c:/program files (x86)/atmel/studio/7.0/toolchain/arm/arm-gnu-toolchain/bin/../lib/gcc/arm-none-eabi/4.9.3/../../../../arm-none-eabi/lib/armv6-m\libc_nano.a(lib_a-findfp.o)
__fp_unlock_all                                   c:/program files (x86)/atmel/studio/7.0/toolchain/arm/arm-gnu-toolchain/bin/../lib/gcc/arm-none-eabi/4.9.3/../../../../arm-none-eabi/lib/armv6-m\libc_nano.a(lib_a-findfp.o)
__init_array_end                                  c:/program files (x86)/atmel/studio/7.0/toolchain/arm/arm-gnu-toolchain/bin/../lib/gcc/arm-none-eabi/4.9.3/../../../../arm-none-eabi/lib/armv6-m\libc_nano.a(lib_a-init.o)
__init_array_start                                c:/program files (x86)/atmel/studio/7.0/toolchain/arm/arm-gnu-toolchain/bin/../lib/gcc/arm-none-eabi/4.9.3/../../../../arm-none-eabi/lib/armv6-m\libc_nano.a(lib_a-init.o)
__libc_fini_array                                 c:/program files (x86)/atmel/studio/7.0/toolchain/arm/arm-gnu-toolchain/bin/../lib/gcc/arm-none-eabi/4.9.3/../../../../arm-none-eabi/lib/armv6-m/crt0.o
__libc_init_array                                 c:/program files (x86)/atmel/studio/7.0/toolchain/arm/arm-gnu-toolchain/bin/../lib/gcc/arm-none-eabi/4.9.3/../../../../arm-none-eabi/lib/armv6-m\libc_nano.a(lib_a-init.o)
                                                  src/ASF/sam0/utils/cmsis/samd20/source/gcc/startup_samd20.o
                                                  c:/program files (x86)/atmel/studio/7.0/toolchain/arm/arm-gnu-toolchain/bin/../lib/gcc/arm-none-eabi/4.9.3/../../../../arm-none-eabi/lib/armv6-m/crt0.o
__malloc_free_list                                c:/program files (x86)/atmel/studio/7.0/toolchain/arm/arm-gnu-toolchain/bin/../lib/gcc/arm-none-eabi/4.9.3/../../../../arm-none-eabi/lib/armv6-m\libc_nano.a(lib_a-nano-mallocr.o)
                                                  c:/program files (x86)/atmel/studio/7.0/toolchain/arm/arm-gnu-toolchain/bin/../lib/gcc/arm-none-eabi/4.9.3/../../../../arm-none-eabi/lib/armv6-m\libc_nano.a(lib_a-nano-freer.o)
__malloc_sbrk_start                               c:/program files (x86)/atmel/studio/7.0/toolchain/arm/arm-gnu-toolchain/bin/../lib/gcc/arm-none-eabi/4.9.3/../../../../arm-none-eabi/lib/armv6-m\libc_nano.a(lib_a-nano-mallocr.o)
__muldi3                                          c:/program files (x86)/atmel/studio/7.0/toolchain/arm/arm-gnu-toolchain/bin/../lib/gcc/arm-none-eabi/4.9.3/armv6-m\libgcc.a(_muldi3.o)
__preinit_array_end                               c:/program files (x86)/atmel/studio/7.0/toolchain/arm/arm-gnu-toolchain/bin/../lib/gcc/arm-none-eabi/4.9.3/../../../../arm-none-eabi/lib/armv6-m\libc_nano.a(lib_a-init.o)
__preinit_array_start                             c:/program files (x86)/atmel/studio/7.0/toolchain/arm/arm-gnu-toolchain/bin/../lib/gcc/arm-none-eabi/4.9.3/../../../../arm-none-eabi/lib/armv6-m\libc_nano.a(lib_a-init.o)
__register_frame_info                             c:/program files (x86)/atmel/studio/7.0/toolchain/arm/arm-gnu-toolchain/bin/../lib/gcc/arm-none-eabi/4.9.3/armv6-m/crtbegin.o
__sclose                                          c:/program files (x86)/atmel/studio/7.0/toolchain/arm/arm-gnu-toolchain/bin/../lib/gcc/arm-none-eabi/4.9.3/../../../../arm-none-eabi/lib/armv6-m\libc_nano.a(lib_a-stdio.o)
                                                  c:/program files (x86)/atmel/studio/7.0/toolchain/arm/arm-gnu-toolchain/bin/../lib/gcc/arm-none-eabi/4.9.3/../../../../arm-none-eabi/lib/armv6-m\libc_nano.a(lib_a-findfp.o)
__seofread                                        c:/program files (x86)/atmel/studio/7.0/toolchain/arm/arm-gnu-toolchain/bin/../lib/gcc/arm-none-eabi/4.9.3/../../../../arm-none-eabi/lib/armv6-m\libc_nano.a(lib_a-stdio.o)
__sf_fake_stderr                                  c:/program files (x86)/atmel/studio/7.0/toolchain/arm/arm-gnu-toolchain/bin/../lib/gcc/arm-none-eabi/4.9.3/../../../../arm-none-eabi/lib/armv6-m\libc_nano.a(lib_a-findfp.o)
                                                  c:/program files (x86)/atmel/studio/7.0/toolchain/arm/arm-gnu-toolchain/bin/../lib/gcc/arm-none-eabi/4.9.3/../../../../arm-none-eabi/lib/armv6-m\libc_nano.a(lib_a-fflush.o)
                                                  c:/program files (x86)/atmel/studio/7.0/toolchain/arm/arm-gnu-toolchain/bin/../lib/gcc/arm-none-eabi/4.9.3/../../../../arm-none-eabi/lib/armv6-m\libc_nano.a(lib_a-wsetup.o)
                                                  c:/program files (x86)/atmel/studio/7.0/toolchain/arm/arm-gnu-toolchain/bin/../lib/gcc/arm-none-eabi/4.9.3/../../../../arm-none-eabi/lib/armv6-m\libc_nano.a(lib_a-wbuf.o)
                                                  c:/program files (x86)/atmel/studio/7.0/toolchain/arm/arm-gnu-toolchain/bin/../lib/gcc/arm-none-eabi/4.9.3/../../../../arm-none-eabi/lib/armv6-m\libc_nano.a(lib_a-nano-vfprintf.o)
                                                  c:/program files (x86)/atmel/studio/7.0/toolchain/arm/arm-gnu-toolchain/bin/../lib/gcc/arm-none-eabi/4.9.3/../../../../arm-none-eabi/lib/armv6-m\libc_nano.a(lib_a-impure.o)
__sf_fake_stdin                                   c:/program files (x86)/atmel/studio/7.0/toolchain/arm/arm-gnu-toolchain/bin/../lib/gcc/arm-none-eabi/4.9.3/../../../../arm-none-eabi/lib/armv6-m\libc_nano.a(lib_a-findfp.o)
                                                  c:/program files (x86)/atmel/studio/7.0/toolchain/arm/arm-gnu-toolchain/bin/../lib/gcc/arm-none-eabi/4.9.3/../../../../arm-none-eabi/lib/armv6-m\libc_nano.a(lib_a-fflush.o)
                                                  c:/program files (x86)/atmel/studio/7.0/toolchain/arm/arm-gnu-toolchain/bin/../lib/gcc/arm-none-eabi/4.9.3/../../../../arm-none-eabi/lib/armv6-m\libc_nano.a(lib_a-wsetup.o)
                                                  c:/program files (x86)/atmel/studio/7.0/toolchain/arm/arm-gnu-toolchain/bin/../lib/gcc/arm-none-eabi/4.9.3/../../../../arm-none-eabi/lib/armv6-m\libc_nano.a(lib_a-wbuf.o)
                                                  c:/program files (x86)/atmel/studio/7.0/toolchain/arm/arm-gnu-toolchain/bin/../lib/gcc/arm-none-eabi/4.9.3/../../../../arm-none-eabi/lib/armv6-m\libc_nano.a(lib_a-nano-vfprintf.o)
                                                  c:/program files (x86)/atmel/studio/7.0/toolchain/arm/arm-gnu-toolchain/bin/../lib/gcc/arm-none-eabi/4.9.3/../../../../arm-none-eabi/lib/armv6-m\libc_nano.a(lib_a-impure.o)
__sf_fake_stdout                                  c:/program files (x86)/atmel/studio/7.0/toolchain/arm/arm-gnu-toolchain/bin/../lib/gcc/arm-none-eabi/4.9.3/../../../../arm-none-eabi/lib/armv6-m\libc_nano.a(lib_a-findfp.o)
                                                  c:/program files (x86)/atmel/studio/7.0/toolchain/arm/arm-gnu-toolchain/bin/../lib/gcc/arm-none-eabi/4.9.3/../../../../arm-none-eabi/lib/armv6-m\libc_nano.a(lib_a-fflush.o)
                                                  c:/program files (x86)/atmel/studio/7.0/toolchain/arm/arm-gnu-toolchain/bin/../lib/gcc/arm-none-eabi/4.9.3/../../../../arm-none-eabi/lib/armv6-m\libc_nano.a(lib_a-wsetup.o)
                                                  c:/program files (x86)/atmel/studio/7.0/toolchain/arm/arm-gnu-toolchain/bin/../lib/gcc/arm-none-eabi/4.9.3/../../../../arm-none-eabi/lib/armv6-m\libc_nano.a(lib_a-wbuf.o)
                                                  c:/program files (x86)/atmel/studio/7.0/toolchain/arm/arm-gnu-toolchain/bin/../lib/gcc/arm-none-eabi/4.9.3/../../../../arm-none-eabi/lib/armv6-m\libc_nano.a(lib_a-nano-vfprintf.o)
                                                  c:/program files (x86)/atmel/studio/7.0/toolchain/arm/arm-gnu-toolchain/bin/../lib/gcc/arm-none-eabi/4.9.3/../../../../arm-none-eabi/lib/armv6-m\libc_nano.a(lib_a-impure.o)
__sflush_r                                        c:/program files (x86)/atmel/studio/7.0/toolchain/arm/arm-gnu-toolchain/bin/../lib/gcc/arm-none-eabi/4.9.3/../../../../arm-none-eabi/lib/armv6-m\libc_nano.a(lib_a-fflush.o)
__sfmoreglue                                      c:/program files (x86)/atmel/studio/7.0/toolchain/arm/arm-gnu-toolchain/bin/../lib/gcc/arm-none-eabi/4.9.3/../../../../arm-none-eabi/lib/armv6-m\libc_nano.a(lib_a-findfp.o)
__sfp                                             c:/program files (x86)/atmel/studio/7.0/toolchain/arm/arm-gnu-toolchain/bin/../lib/gcc/arm-none-eabi/4.9.3/../../../../arm-none-eabi/lib/armv6-m\libc_nano.a(lib_a-findfp.o)
__sfp_lock_acquire                                c:/program files (x86)/atmel/studio/7.0/toolchain/arm/arm-gnu-toolchain/bin/../lib/gcc/arm-none-eabi/4.9.3/../../../../arm-none-eabi/lib/armv6-m\libc_nano.a(lib_a-findfp.o)
__sfp_lock_release                                c:/program files (x86)/atmel/studio/7.0/toolchain/arm/arm-gnu-toolchain/bin/../lib/gcc/arm-none-eabi/4.9.3/../../../../arm-none-eabi/lib/armv6-m\libc_nano.a(lib_a-findfp.o)
__sfputs_r                                        c:/program files (x86)/atmel/studio/7.0/toolchain/arm/arm-gnu-toolchain/bin/../lib/gcc/arm-none-eabi/4.9.3/../../../../arm-none-eabi/lib/armv6-m\libc_nano.a(lib_a-nano-vfprintf.o)
__sfvwrite_r                                      c:/program files (x86)/atmel/studio/7.0/toolchain/arm/arm-gnu-toolchain/bin/../lib/gcc/arm-none-eabi/4.9.3/../../../../arm-none-eabi/lib/armv6-m\libc_nano.a(lib_a-fvwrite.o)
                                                  c:/program files (x86)/atmel/studio/7.0/toolchain/arm/arm-gnu-toolchain/bin/../lib/gcc/arm-none-eabi/4.9.3/../../../../arm-none-eabi/lib/armv6-m\libc_nano.a(lib_a-nano-vfprintf.o)
__sinit                                           c:/program files (x86)/atmel/studio/7.0/toolchain/arm/arm-gnu-toolchain/bin/../lib/gcc/arm-none-eabi/4.9.3/../../../../arm-none-eabi/lib/armv6-m\libc_nano.a(lib_a-findfp.o)
                                                  c:/program files (x86)/atmel/studio/7.0/toolchain/arm/arm-gnu-toolchain/bin/../lib/gcc/arm-none-eabi/4.9.3/../../../../arm-none-eabi/lib/armv6-m\libc_nano.a(lib_a-fflush.o)
                                                  c:/program files (x86)/atmel/studio/7.0/toolchain/arm/arm-gnu-toolchain/bin/../lib/gcc/arm-none-eabi/4.9.3/../../../../arm-none-eabi/lib/armv6-m\libc_nano.a(lib_a-wsetup.o)
                                                  c:/program files (x86)/atmel/studio/7.0/toolchain/arm/arm-gnu-toolchain/bin/../lib/gcc/arm-none-eabi/4.9.3/../../../../arm-none-eabi/lib/armv6-m\libc_nano.a(lib_a-wbuf.o)
                                                  c:/program files (x86)/atmel/studio/7.0/toolchain/arm/arm-gnu-toolchain/bin/../lib/gcc/arm-none-eabi/4.9.3/../../../../arm-none-eabi/lib/armv6-m\libc_nano.a(lib_a-nano-vfprintf.o)
                                                  c:/program files (x86)/atmel/studio/7.0/toolchain/arm/arm-gnu-toolchain/bin/../lib/gcc/arm-none-eabi/4.9.3/../../../../arm-none-eabi/lib/armv6-m\libc_nano.a(lib_a-printf.o)
__sinit_lock_acquire                              c:/program files (x86)/atmel/studio/7.0/toolchain/arm/arm-gnu-toolchain/bin/../lib/gcc/arm-none-eabi/4.9.3/../../../../arm-none-eabi/lib/armv6-m\libc_nano.a(lib_a-findfp.o)
__sinit_lock_release                              c:/program files (x86)/atmel/studio/7.0/toolchain/arm/arm-gnu-toolchain/bin/../lib/gcc/arm-none-eabi/4.9.3/../../../../arm-none-eabi/lib/armv6-m\libc_nano.a(lib_a-findfp.o)
__smakebuf_r                                      c:/program files (x86)/atmel/studio/7.0/toolchain/arm/arm-gnu-toolchain/bin/../lib/gcc/arm-none-eabi/4.9.3/../../../../arm-none-eabi/lib/armv6-m\libc_nano.a(lib_a-makebuf.o)
                                                  c:/program files (x86)/atmel/studio/7.0/toolchain/arm/arm-gnu-toolchain/bin/../lib/gcc/arm-none-eabi/4.9.3/../../../../arm-none-eabi/lib/armv6-m\libc_nano.a(lib_a-wsetup.o)
__sprint_r                                        c:/program files (x86)/atmel/studio/7.0/toolchain/arm/arm-gnu-toolchain/bin/../lib/gcc/arm-none-eabi/4.9.3/../../../../arm-none-eabi/lib/armv6-m\libc_nano.a(lib_a-nano-vfprintf.o)
__sread                                           c:/program files (x86)/atmel/studio/7.0/toolchain/arm/arm-gnu-toolchain/bin/../lib/gcc/arm-none-eabi/4.9.3/../../../../arm-none-eabi/lib/armv6-m\libc_nano.a(lib_a-stdio.o)
                                                  c:/program files (x86)/atmel/studio/7.0/toolchain/arm/arm-gnu-toolchain/bin/../lib/gcc/arm-none-eabi/4.9.3/../../../../arm-none-eabi/lib/armv6-m\libc_nano.a(lib_a-findfp.o)
__sseek                                           c:/program files (x86)/atmel/studio/7.0/toolchain/arm/arm-gnu-toolchain/bin/../lib/gcc/arm-none-eabi/4.9.3/../../../../arm-none-eabi/lib/armv6-m\libc_nano.a(lib_a-stdio.o)
                                                  c:/program files (x86)/atmel/studio/7.0/toolchain/arm/arm-gnu-toolchain/bin/../lib/gcc/arm-none-eabi/4.9.3/../../../../arm-none-eabi/lib/armv6-m\libc_nano.a(lib_a-findfp.o)
__stack                                           c:/program files (x86)/atmel/studio/7.0/toolchain/arm/arm-gnu-toolchain/bin/../lib/gcc/arm-none-eabi/4.9.3/../../../../arm-none-eabi/lib/armv6-m/crt0.o